[INFO] [launch]: All log files can be found below /home/robot/.ros/log/2026-08-21-16-19-56-762224-robot-2302286
[INFO] [launch]: Default logging verbosity is set to INFO
[INFO] [map_server-1]: process started with pid [2302287]
[INFO] [planner_server-2]: process started with pid [2302289]
[INFO] [static_transform_publisher-3]: process started with pid [2302291]
[INFO] [static_transform_publisher-4]: process started with pid [2302293]
[INFO] [lifecycle_manager-5]: process started with pid [2302295]
[static_transform_publisher-4] [WARN] [1787300396.815301598] []: Old-style arguments are deprecated; see --help for new-style arguments
[static_transform_publisher-3] [WARN] [1787300396.815770961] []: Old-style arguments are deprecated; see --help for new-style arguments
[static_transform_publisher-4] [INFO] [1787300396.827394724] [benchmark_odom_to_base_link]: Spinning until stopped - publishing transform
[static_transform_publisher-4] translation: ('0.000000', '0.000000', '0.000000')
[static_transform_publisher-4] rotation: ('0.000000', '0.000000', '0.000000', '1.000000')
[static_transform_publisher-4] from 'odom' to 'base_link'
[planner_server-2] [INFO] [1787300396.829512757] [planner_server]: 
[planner_server-2] 	planner_server lifecycle node launched. 
[planner_server-2] 	Waiting on external lifecycle transitions to activate
[planner_server-2] 	See https://design.ros2.org/articles/node_lifecycle.html for more information.
[static_transform_publisher-3] [INFO] [1787300396.831046575] [benchmark_map_to_odom]: Spinning until stopped - publishing transform
[static_transform_publisher-3] translation: ('0.000000', '0.000000', '0.000000')
[static_transform_publisher-3] rotation: ('0.000000', '0.000000', '0.000000', '1.000000')
[static_transform_publisher-3] from 'map' to 'odom'
[lifecycle_manager-5] [INFO] [1787300396.831583232] [lifecycle_manager_planner]: Creating
[lifecycle_manager-5] [INFO] [1787300396.833105157] [lifecycle_manager_planner]: [34m[1mCreating and initializing lifecycle service clients[0m[0m
[planner_server-2] [INFO] [1787300396.836284483] [planner_server]: Creating
[planner_server-2] [INFO] [1787300396.839525825] [global_costmap.global_costmap]: 
[planner_server-2] 	global_costmap lifecycle node launched. 
[planner_server-2] 	Waiting on external lifecycle transitions to activate
[planner_server-2] 	See https://design.ros2.org/articles/node_lifecycle.html for more information.
[planner_server-2] [INFO] [1787300396.841263366] [global_costmap.global_costmap]: Creating Costmap
[map_server-1] [INFO] [1787300396.847578525] [map_server]: 
[map_server-1] 	map_server lifecycle node launched. 
[map_server-1] 	Waiting on external lifecycle transitions to activate
[map_server-1] 	See https://design.ros2.org/articles/node_lifecycle.html for more information.
[lifecycle_manager-5] [INFO] [1787300396.847610720] [lifecycle_manager_planner]: [34m[1mStarting managed nodes bringup...[0m[0m
[lifecycle_manager-5] [INFO] [1787300396.847642591] [lifecycle_manager_planner]: [34m[1mConfiguring map_server[0m[0m
[map_server-1] [INFO] [1787300396.847666245] [map_server]: Creating
[map_server-1] [INFO] [1787300396.848319648] [map_server]: Configuring
[map_server-1] [INFO] [1787300396.848356695] [map_io]: Loading yaml file: /home/robot/pudu_robot_ws/experiments/maps/hospital_005/map.yaml
[map_server-1] [INFO] [1787300396.848482037] [map_io]: resolution: 0.05
[map_server-1] [INFO] [1787300396.848486106] [map_io]: origin[0]: -40
[map_server-1] [INFO] [1787300396.848488571] [map_io]: origin[1]: -40
[map_server-1] [INFO] [1787300396.848490765] [map_io]: origin[2]: 0
[map_server-1] [INFO] [1787300396.848493077] [map_io]: free_thresh: 0.196
[map_server-1] [INFO] [1787300396.848495223] [map_io]: occupied_thresh: 0.65
[map_server-1] [INFO] [1787300396.848497676] [map_io]: mode: trinary
[map_server-1] [INFO] [1787300396.848499906] [map_io]: negate: 0
[map_server-1] [INFO] [1787300396.848599534] [map_io]: Loading image_file: /home/robot/pudu_robot_ws/experiments/maps/hospital_005/map.pgm
[map_server-1] [INFO] [1787300396.954361602] [map_io]: Read map /home/robot/pudu_robot_ws/experiments/maps/hospital_005/map.pgm: 1600 X 1600 map @ 0.05 m/cell
[lifecycle_manager-5] [INFO] [1787300396.959863935] [lifecycle_manager_planner]: [34m[1mConfiguring planner_server[0m[0m
[planner_server-2] [INFO] [1787300396.960369135] [planner_server]: Configuring
[planner_server-2] [INFO] [1787300396.960399768] [global_costmap.global_costmap]: Configuring
[planner_server-2] [INFO] [1787300396.965345584] [global_costmap.global_costmap]: Using plugin "static_layer"
[planner_server-2] [INFO] [1787300396.968495231] [global_costmap.global_costmap]: Subscribing to the map topic (/map) with transient local durability
[planner_server-2] [INFO] [1787300396.969138689] [global_costmap.global_costmap]: Initialized plugin "static_layer"
[planner_server-2] [INFO] [1787300396.969152241] [global_costmap.global_costmap]: Using plugin "inflation_layer"
[planner_server-2] [INFO] [1787300396.969430155] [global_costmap.global_costmap]: Initialized plugin "inflation_layer"
[planner_server-2] [ERROR] [1787300396.971891514] [global_costmap.global_costmap]: The configured inflation radius (0.250) is smaller than the computed inscribed radius (0.315) of your footprint, it is highly recommended to set inflation radius to be at least as big as the inscribed radius to avoid collisions
[planner_server-2] [INFO] [1787300396.975515236] [planner_server]: Created global planner plugin GridBased of type nav2_smac_planner/SmacPlannerHybrid
[planner_server-2] [INFO] [1787300396.975537010] [planner_server]: Configuring GridBased of type SmacPlannerHybrid
[planner_server-2] [INFO] [1787300396.975922046] [planner_server]: Even sized heuristic lookup table size set 400.000000, increasing size by 1 to make odd
[planner_server-2] [INFO] [1787300426.033813571] [planner_server]: Configured plugin GridBased of type SmacPlannerHybrid with maximum iterations 1000000, max on approach iterations 1000, and not allowing unknown traversal. Tolerance 0.25.Using motion model: Reeds-Shepp.
[planner_server-2] [INFO] [1787300426.033865880] [planner_server]: Planner Server has GridBased  planners available.
[lifecycle_manager-5] [INFO] [1787300426.036946569] [lifecycle_manager_planner]: [34m[1mActivating map_server[0m[0m
[map_server-1] [INFO] [1787300426.037145282] [map_server]: Activating
[map_server-1] [INFO] [1787300426.038528759] [map_server]: Creating bond (map_server) to lifecycle manager.
[lifecycle_manager-5] [INFO] [1787300426.040493206] [lifecycle_manager_planner]: [34m[1mActivating planner_server[0m[0m
[planner_server-2] [INFO] [1787300426.040674942] [planner_server]: Activating
[planner_server-2] [INFO] [1787300426.040700402] [global_costmap.global_costmap]: Activating
[planner_server-2] [INFO] [1787300426.040709391] [global_costmap.global_costmap]: Checking transform
[planner_server-2] [INFO] [1787300426.040829449] [global_costmap.global_costmap]: start
[planner_server-2] [INFO] [1787300426.050880730] [global_costmap.global_costmap]: StaticLayer: Resizing costmap to 1600 X 1600 at 0.050000 m/pix
[planner_server-2] [INFO] [1787300426.091065353] [planner_server]: Activating plugin GridBased of type SmacPlannerHybrid
[planner_server-2] [INFO] [1787300426.091516137] [planner_server]: Creating bond (planner_server) to lifecycle manager.
[lifecycle_manager-5] [INFO] [1787300426.094020414] [lifecycle_manager_planner]: [34m[1mManaged nodes are active[0m[0m
[WARNING] [launch]: user interrupted with ctrl-c (SIGINT)
[INFO] [lifecycle_manager-5]: sending signal 'SIGINT' to process[lifecycle_manager-5]
[INFO] [static_transform_publisher-4]: sending signal 'SIGINT' to process[static_transform_publisher-4]
[INFO] [static_transform_publisher-3]: sending signal 'SIGINT' to process[static_transform_publisher-3]
[INFO] [planner_server-2]: sending signal 'SIGINT' to process[planner_server-2]
[INFO] [map_server-1]: sending signal 'SIGINT' to process[map_server-1]
[static_transform_publisher-4] [INFO] [1787300441.352261054] [rclcpp]: signal_handler(SIGINT/SIGTERM)
[map_server-1] [INFO] [1787300441.352277459] [rclcpp]: signal_handler(SIGINT/SIGTERM)
[map_server-1] [INFO] [1787300441.352402458] [map_server]: Running Nav2 LifecycleNode rcl preshutdown (map_server)
[map_server-1] [INFO] [1787300441.352518023] [map_server]: Deactivating
[map_server-1] [INFO] [1787300441.352538713] [map_server]: Destroying bond (map_server) to lifecycle manager.
[planner_server-2] [INFO] [1787300441.352340219] [rclcpp]: signal_handler(SIGINT/SIGTERM)
[planner_server-2] [INFO] [1787300441.352443307] [planner_server]: Running Nav2 LifecycleNode rcl preshutdown (planner_server)
[planner_server-2] [INFO] [1787300441.352518033] [planner_server]: Deactivating
[planner_server-2] [INFO] [1787300441.352560066] [global_costmap.global_costmap]: Deactivating
[static_transform_publisher-3] [INFO] [1787300441.352339967] [rclcpp]: signal_handler(SIGINT/SIGTERM)
[lifecycle_manager-5] [INFO] [1787300441.352341243] [rclcpp]: signal_handler(SIGINT/SIGTERM)
[lifecycle_manager-5] [INFO] [1787300441.352466387] [lifecycle_manager_planner]: Running Nav2 LifecycleManager rcl preshutdown (lifecycle_manager_planner)
[lifecycle_manager-5] [INFO] [1787300441.353665401] [lifecycle_manager_planner]: Destroying lifecycle_manager_planner
[ERROR] [lifecycle_manager-5]: process has died [pid 2302295, exit code -2, cmd '/home/robot/pudu_robot_ws/external/arena4_ws/install/nav2_lifecycle_manager/lib/nav2_lifecycle_manager/lifecycle_manager --ros-args -r __node:=lifecycle_manager_planner --params-file /home/robot/pudu_robot_ws/experiments/layered_planner_benchmark/hospital_005/stage8b_lateral_preference_v2/logs/stage8_smac_reeds_shepp_params.yaml --params-file /tmp/launch_params_dzf6lyp6'].
[ERROR] [static_transform_publisher-4]: process has died [pid 2302293, exit code -2, cmd '/home/robot/pudu_robot_ws/external/arena4_ws/install/tf2_ros/lib/tf2_ros/static_transform_publisher 0 0 0 0 0 0 odom base_link --ros-args -r __node:=benchmark_odom_to_base_link --params-file /tmp/launch_params_7205j341'].
[ERROR] [static_transform_publisher-3]: process has died [pid 2302291, exit code -2, cmd '/home/robot/pudu_robot_ws/external/arena4_ws/install/tf2_ros/lib/tf2_ros/static_transform_publisher 0 0 0 0 0 0 map odom --ros-args -r __node:=benchmark_map_to_odom --params-file /tmp/launch_params_wbxsxddh'].
[map_server-1] [INFO] [1787300441.362943602] [map_server]: Cleaning up
[map_server-1] [INFO] [1787300441.363147206] [map_server]: Destroying bond (map_server) to lifecycle manager.
[map_server-1] [INFO] [1787300441.363431654] [rclcpp]: signal_handler(SIGINT/SIGTERM)
[map_server-1] [INFO] [1787300441.364006936] [map_server]: Destroying
[INFO] [map_server-1]: process has finished cleanly [pid 2302287]
[planner_server-2] [INFO] [1787300442.041130893] [planner_server]: Deactivating plugin GridBased of type SmacPlannerHybrid
[planner_server-2] [INFO] [1787300442.041190928] [planner_server]: Destroying bond (planner_server) to lifecycle manager.
[planner_server-2] [INFO] [1787300442.051893707] [planner_server]: Cleaning up
[planner_server-2] [INFO] [1787300442.055201929] [global_costmap.global_costmap]: Cleaning up
[planner_server-2] [INFO] [1787300442.056769054] [planner_server]: Cleaning up plugin GridBased of type SmacPlannerHybrid
[planner_server-2] [INFO] [1787300442.056832850] [planner_server]: Destroying plugin GridBased of type SmacPlannerHybrid
[planner_server-2] [INFO] [1787300442.058166948] [planner_server]: Destroying bond (planner_server) to lifecycle manager.
[planner_server-2] [INFO] [1787300442.058458089] [rclcpp]: signal_handler(SIGINT/SIGTERM)
[planner_server-2] [INFO] [1787300442.059578556] [global_costmap.global_costmap]: Destroying
[planner_server-2] [INFO] [1787300442.061932024] [planner_server]: Destroying
[INFO] [planner_server-2]: process has finished cleanly [pid 2302289]
