[INFO] [launch]: All log files can be found below /home/robot/.ros/log/2026-08-21-13-43-35-032049-robot-2215883
[INFO] [launch]: Default logging verbosity is set to INFO
[INFO] [map_server-1]: process started with pid [2215887]
[INFO] [planner_server-2]: process started with pid [2215889]
[INFO] [static_transform_publisher-3]: process started with pid [2215891]
[INFO] [static_transform_publisher-4]: process started with pid [2215893]
[INFO] [lifecycle_manager-5]: process started with pid [2215895]
[static_transform_publisher-3] [WARN] [1787291015.095470694] []: Old-style arguments are deprecated; see --help for new-style arguments
[static_transform_publisher-4] [WARN] [1787291015.102678116] []: Old-style arguments are deprecated; see --help for new-style arguments
[static_transform_publisher-3] [INFO] [1787291015.109884096] [benchmark_map_to_odom]: Spinning until stopped - publishing transform
[static_transform_publisher-3] translation: ('0.000000', '0.000000', '0.000000')
[static_transform_publisher-3] rotation: ('0.000000', '0.000000', '0.000000', '1.000000')
[static_transform_publisher-3] from 'map' to 'odom'
[lifecycle_manager-5] [INFO] [1787291015.116546490] [lifecycle_manager_planner]: Creating
[lifecycle_manager-5] [INFO] [1787291015.118617007] [lifecycle_manager_planner]: [34m[1mCreating and initializing lifecycle service clients[0m[0m
[static_transform_publisher-4] [INFO] [1787291015.121006906] [benchmark_odom_to_base_link]: Spinning until stopped - publishing transform
[static_transform_publisher-4] translation: ('0.000000', '0.000000', '0.000000')
[static_transform_publisher-4] rotation: ('0.000000', '0.000000', '0.000000', '1.000000')
[static_transform_publisher-4] from 'odom' to 'base_link'
[planner_server-2] [INFO] [1787291015.121463653] [planner_server]: 
[planner_server-2] 	planner_server lifecycle node launched. 
[planner_server-2] 	Waiting on external lifecycle transitions to activate
[planner_server-2] 	See https://design.ros2.org/articles/node_lifecycle.html for more information.
[planner_server-2] [INFO] [1787291015.130513903] [planner_server]: Creating
[planner_server-2] [INFO] [1787291015.134599542] [global_costmap.global_costmap]: 
[planner_server-2] 	global_costmap lifecycle node launched. 
[planner_server-2] 	Waiting on external lifecycle transitions to activate
[planner_server-2] 	See https://design.ros2.org/articles/node_lifecycle.html for more information.
[lifecycle_manager-5] [INFO] [1787291015.135988034] [lifecycle_manager_planner]: [34m[1mStarting managed nodes bringup...[0m[0m
[lifecycle_manager-5] [INFO] [1787291015.136033360] [lifecycle_manager_planner]: [34m[1mConfiguring map_server[0m[0m
[map_server-1] [INFO] [1787291015.135987401] [map_server]: 
[map_server-1] 	map_server lifecycle node launched. 
[map_server-1] 	Waiting on external lifecycle transitions to activate
[map_server-1] 	See https://design.ros2.org/articles/node_lifecycle.html for more information.
[map_server-1] [INFO] [1787291015.136139680] [map_server]: Creating
[planner_server-2] [INFO] [1787291015.136964877] [global_costmap.global_costmap]: Creating Costmap
[map_server-1] [INFO] [1787291015.137144448] [map_server]: Configuring
[map_server-1] [INFO] [1787291015.137192825] [map_io]: Loading yaml file: /home/robot/pudu_robot_ws/experiments/maps/hospital_005/map.yaml
[map_server-1] [INFO] [1787291015.137351188] [map_io]: resolution: 0.05
[map_server-1] [INFO] [1787291015.137356337] [map_io]: origin[0]: -40
[map_server-1] [INFO] [1787291015.137359179] [map_io]: origin[1]: -40
[map_server-1] [INFO] [1787291015.137361697] [map_io]: origin[2]: 0
[map_server-1] [INFO] [1787291015.137364573] [map_io]: free_thresh: 0.196
[map_server-1] [INFO] [1787291015.137367215] [map_io]: occupied_thresh: 0.65
[map_server-1] [INFO] [1787291015.137370029] [map_io]: mode: trinary
[map_server-1] [INFO] [1787291015.137373233] [map_io]: negate: 0
[map_server-1] [INFO] [1787291015.137497642] [map_io]: Loading image_file: /home/robot/pudu_robot_ws/experiments/maps/hospital_005/map.pgm
[map_server-1] [INFO] [1787291015.266661360] [map_io]: Read map /home/robot/pudu_robot_ws/experiments/maps/hospital_005/map.pgm: 1600 X 1600 map @ 0.05 m/cell
[lifecycle_manager-5] [INFO] [1787291015.273095710] [lifecycle_manager_planner]: [34m[1mConfiguring planner_server[0m[0m
[planner_server-2] [INFO] [1787291015.273560431] [planner_server]: Configuring
[planner_server-2] [INFO] [1787291015.273605639] [global_costmap.global_costmap]: Configuring
[planner_server-2] [INFO] [1787291015.279920303] [global_costmap.global_costmap]: Using plugin "static_layer"
[planner_server-2] [INFO] [1787291015.283927260] [global_costmap.global_costmap]: Subscribing to the map topic (/map) with transient local durability
[planner_server-2] [INFO] [1787291015.284835142] [global_costmap.global_costmap]: Initialized plugin "static_layer"
[planner_server-2] [INFO] [1787291015.284852641] [global_costmap.global_costmap]: Using plugin "inflation_layer"
[planner_server-2] [INFO] [1787291015.285254989] [global_costmap.global_costmap]: Initialized plugin "inflation_layer"
[planner_server-2] [INFO] [1787291015.289993488] [planner_server]: Created global planner plugin GridBased of type nav2_navfn_planner/NavfnPlanner
[planner_server-2] [INFO] [1787291015.290022973] [planner_server]: Configuring plugin GridBased of type NavfnPlanner
[planner_server-2] [INFO] [1787291015.291679210] [planner_server]: Planner Server has GridBased  planners available.
[lifecycle_manager-5] [INFO] [1787291015.295410838] [lifecycle_manager_planner]: [34m[1mActivating map_server[0m[0m
[map_server-1] [INFO] [1787291015.295628882] [map_server]: Activating
[map_server-1] [INFO] [1787291015.298067299] [map_server]: Creating bond (map_server) to lifecycle manager.
[lifecycle_manager-5] [INFO] [1787291015.301469184] [lifecycle_manager_planner]: [34m[1mActivating planner_server[0m[0m
[planner_server-2] [INFO] [1787291015.301734004] [planner_server]: Activating
[planner_server-2] [INFO] [1787291015.301770769] [global_costmap.global_costmap]: Activating
[planner_server-2] [INFO] [1787291015.301778429] [global_costmap.global_costmap]: Checking transform
[planner_server-2] [INFO] [1787291015.301925164] [global_costmap.global_costmap]: start
[planner_server-2] [INFO] [1787291015.311038453] [global_costmap.global_costmap]: StaticLayer: Resizing costmap to 1600 X 1600 at 0.050000 m/pix
[planner_server-2] [INFO] [1787291015.352125782] [planner_server]: Activating plugin GridBased of type NavfnPlanner
[planner_server-2] [INFO] [1787291015.352696242] [planner_server]: Creating bond (planner_server) to lifecycle manager.
[lifecycle_manager-5] [INFO] [1787291015.355534524] [lifecycle_manager_planner]: [34m[1mManaged nodes are active[0m[0m
[WARNING] [launch]: user interrupted with ctrl-c (SIGINT)
[INFO] [lifecycle_manager-5]: sending signal 'SIGINT' to process[lifecycle_manager-5]
[INFO] [static_transform_publisher-4]: sending signal 'SIGINT' to process[static_transform_publisher-4]
[INFO] [static_transform_publisher-3]: sending signal 'SIGINT' to process[static_transform_publisher-3]
[INFO] [planner_server-2]: sending signal 'SIGINT' to process[planner_server-2]
[INFO] [map_server-1]: sending signal 'SIGINT' to process[map_server-1]
[map_server-1] [INFO] [1787291017.238576331] [rclcpp]: signal_handler(SIGINT/SIGTERM)
[map_server-1] [INFO] [1787291017.238720752] [map_server]: Running Nav2 LifecycleNode rcl preshutdown (map_server)
[map_server-1] [INFO] [1787291017.238805039] [map_server]: Deactivating
[map_server-1] [INFO] [1787291017.238814922] [map_server]: Destroying bond (map_server) to lifecycle manager.
[planner_server-2] [INFO] [1787291017.238579594] [rclcpp]: signal_handler(SIGINT/SIGTERM)
[planner_server-2] [INFO] [1787291017.238720617] [planner_server]: Running Nav2 LifecycleNode rcl preshutdown (planner_server)
[planner_server-2] [INFO] [1787291017.238806910] [planner_server]: Deactivating
[planner_server-2] [INFO] [1787291017.238855048] [global_costmap.global_costmap]: Deactivating
[static_transform_publisher-3] [INFO] [1787291017.238583468] [rclcpp]: signal_handler(SIGINT/SIGTERM)
[static_transform_publisher-4] [INFO] [1787291017.238614368] [rclcpp]: signal_handler(SIGINT/SIGTERM)
[ERROR] [static_transform_publisher-4]: process has died [pid 2215893, exit code -2, cmd '/home/robot/pudu_robot_ws/external/arena4_ws/install/tf2_ros/lib/tf2_ros/static_transform_publisher 0 0 0 0 0 0 odom base_link --ros-args -r __node:=benchmark_odom_to_base_link --params-file /tmp/launch_params_kxd6u8_e'].
[ERROR] [lifecycle_manager-5]: process has died [pid 2215895, exit code -2, cmd '/home/robot/pudu_robot_ws/external/arena4_ws/install/nav2_lifecycle_manager/lib/nav2_lifecycle_manager/lifecycle_manager --ros-args -r __node:=lifecycle_manager_planner --params-file /home/robot/pudu_robot_ws/experiments/planner_benchmark/hospital_005/stage5_navfn_normalized/logs/stack_params_navfn_normalized.yaml --params-file /tmp/launch_params_emp0ayqv'].
[lifecycle_manager-5] [INFO] [1787291017.238666167] [rclcpp]: signal_handler(SIGINT/SIGTERM)
[lifecycle_manager-5] [INFO] [1787291017.238776921] [lifecycle_manager_planner]: Running Nav2 LifecycleManager rcl preshutdown (lifecycle_manager_planner)
[lifecycle_manager-5] [INFO] [1787291017.240714666] [lifecycle_manager_planner]: Destroying lifecycle_manager_planner
[ERROR] [static_transform_publisher-3]: process has died [pid 2215891, exit code -2, cmd '/home/robot/pudu_robot_ws/external/arena4_ws/install/tf2_ros/lib/tf2_ros/static_transform_publisher 0 0 0 0 0 0 map odom --ros-args -r __node:=benchmark_map_to_odom --params-file /tmp/launch_params_onlndwh9'].
[map_server-1] [INFO] [1787291017.249399331] [map_server]: Cleaning up
[map_server-1] [INFO] [1787291017.249552072] [map_server]: Destroying bond (map_server) to lifecycle manager.
[map_server-1] [INFO] [1787291017.250010932] [rclcpp]: signal_handler(SIGINT/SIGTERM)
[map_server-1] [INFO] [1787291017.250732944] [map_server]: Destroying
[planner_server-2] [INFO] [1787291017.302182871] [planner_server]: Deactivating plugin GridBased of type NavfnPlanner
[planner_server-2] [INFO] [1787291017.302246571] [planner_server]: Destroying bond (planner_server) to lifecycle manager.
[planner_server-2] [INFO] [1787291017.312914945] [planner_server]: Cleaning up
[planner_server-2] [INFO] [1787291017.315349729] [global_costmap.global_costmap]: Cleaning up
[planner_server-2] [INFO] [1787291017.316696241] [planner_server]: Cleaning up plugin GridBased of type NavfnPlanner
[planner_server-2] [INFO] [1787291017.316763213] [planner_server]: Destroying plugin GridBased of type NavfnPlanner
[planner_server-2] [INFO] [1787291017.318215407] [planner_server]: Destroying bond (planner_server) to lifecycle manager.
[planner_server-2] [INFO] [1787291017.318738183] [rclcpp]: signal_handler(SIGINT/SIGTERM)
[planner_server-2] [INFO] [1787291017.319086869] [global_costmap.global_costmap]: Destroying
[planner_server-2] [INFO] [1787291017.320788045] [planner_server]: Destroying
[INFO] [map_server-1]: process has finished cleanly [pid 2215887]
[INFO] [planner_server-2]: process has finished cleanly [pid 2215889]
