[INFO] [launch]: All log files can be found below /home/robot/.ros/log/2026-08-21-13-43-45-798392-robot-2216169
[INFO] [launch]: Default logging verbosity is set to INFO
[INFO] [map_server-1]: process started with pid [2216170]
[INFO] [planner_server-2]: process started with pid [2216172]
[INFO] [static_transform_publisher-3]: process started with pid [2216174]
[INFO] [static_transform_publisher-4]: process started with pid [2216176]
[INFO] [lifecycle_manager-5]: process started with pid [2216178]
[static_transform_publisher-3] [WARN] [1787291025.863985431] []: Old-style arguments are deprecated; see --help for new-style arguments
[static_transform_publisher-4] [WARN] [1787291025.863989775] []: Old-style arguments are deprecated; see --help for new-style arguments
[lifecycle_manager-5] [INFO] [1787291025.877846362] [lifecycle_manager_planner]: Creating
[static_transform_publisher-3] [INFO] [1787291025.878670851] [benchmark_map_to_odom]: Spinning until stopped - publishing transform
[static_transform_publisher-3] translation: ('0.000000', '0.000000', '0.000000')
[static_transform_publisher-3] rotation: ('0.000000', '0.000000', '0.000000', '1.000000')
[static_transform_publisher-3] from 'map' to 'odom'
[lifecycle_manager-5] [INFO] [1787291025.879800253] [lifecycle_manager_planner]: [34m[1mCreating and initializing lifecycle service clients[0m[0m
[static_transform_publisher-4] [INFO] [1787291025.880696786] [benchmark_odom_to_base_link]: Spinning until stopped - publishing transform
[static_transform_publisher-4] translation: ('0.000000', '0.000000', '0.000000')
[static_transform_publisher-4] rotation: ('0.000000', '0.000000', '0.000000', '1.000000')
[static_transform_publisher-4] from 'odom' to 'base_link'
[lifecycle_manager-5] [INFO] [1787291025.893676007] [lifecycle_manager_planner]: [34m[1mStarting managed nodes bringup...[0m[0m
[lifecycle_manager-5] [INFO] [1787291025.893714330] [lifecycle_manager_planner]: [34m[1mConfiguring map_server[0m[0m
[planner_server-2] [INFO] [1787291025.895218213] [planner_server]: 
[planner_server-2] 	planner_server lifecycle node launched. 
[planner_server-2] 	Waiting on external lifecycle transitions to activate
[planner_server-2] 	See https://design.ros2.org/articles/node_lifecycle.html for more information.
[map_server-1] [INFO] [1787291025.895274825] [map_server]: 
[map_server-1] 	map_server lifecycle node launched. 
[map_server-1] 	Waiting on external lifecycle transitions to activate
[map_server-1] 	See https://design.ros2.org/articles/node_lifecycle.html for more information.
[map_server-1] [INFO] [1787291025.895434532] [map_server]: Creating
[map_server-1] [INFO] [1787291025.897119747] [map_server]: Configuring
[map_server-1] [INFO] [1787291025.897194233] [map_io]: Loading yaml file: /home/robot/pudu_robot_ws/experiments/maps/hospital_005/map.yaml
[map_server-1] [INFO] [1787291025.897448269] [map_io]: resolution: 0.05
[map_server-1] [INFO] [1787291025.897460698] [map_io]: origin[0]: -40
[map_server-1] [INFO] [1787291025.897468492] [map_io]: origin[1]: -40
[map_server-1] [INFO] [1787291025.897475542] [map_io]: origin[2]: 0
[map_server-1] [INFO] [1787291025.897482716] [map_io]: free_thresh: 0.196
[map_server-1] [INFO] [1787291025.897489801] [map_io]: occupied_thresh: 0.65
[map_server-1] [INFO] [1787291025.897499545] [map_io]: mode: trinary
[map_server-1] [INFO] [1787291025.897508040] [map_io]: negate: 0
[map_server-1] [INFO] [1787291025.897678560] [map_io]: Loading image_file: /home/robot/pudu_robot_ws/experiments/maps/hospital_005/map.pgm
[planner_server-2] [INFO] [1787291025.905285732] [planner_server]: Creating
[planner_server-2] [INFO] [1787291025.909524380] [global_costmap.global_costmap]: 
[planner_server-2] 	global_costmap lifecycle node launched. 
[planner_server-2] 	Waiting on external lifecycle transitions to activate
[planner_server-2] 	See https://design.ros2.org/articles/node_lifecycle.html for more information.
[planner_server-2] [INFO] [1787291025.911785772] [global_costmap.global_costmap]: Creating Costmap
[map_server-1] [INFO] [1787291026.021238278] [map_io]: Read map /home/robot/pudu_robot_ws/experiments/maps/hospital_005/map.pgm: 1600 X 1600 map @ 0.05 m/cell
[lifecycle_manager-5] [INFO] [1787291026.027342217] [lifecycle_manager_planner]: [34m[1mConfiguring planner_server[0m[0m
[planner_server-2] [INFO] [1787291026.027793162] [planner_server]: Configuring
[planner_server-2] [INFO] [1787291026.027835460] [global_costmap.global_costmap]: Configuring
[planner_server-2] [INFO] [1787291026.033857709] [global_costmap.global_costmap]: Using plugin "static_layer"
[planner_server-2] [INFO] [1787291026.037620285] [global_costmap.global_costmap]: Subscribing to the map topic (/map) with transient local durability
[planner_server-2] [INFO] [1787291026.038637103] [global_costmap.global_costmap]: Initialized plugin "static_layer"
[planner_server-2] [INFO] [1787291026.038658002] [global_costmap.global_costmap]: Using plugin "inflation_layer"
[planner_server-2] [INFO] [1787291026.039160560] [global_costmap.global_costmap]: Initialized plugin "inflation_layer"
[planner_server-2] [INFO] [1787291026.043972319] [planner_server]: Created global planner plugin GridBased of type nav2_navfn_planner/NavfnPlanner
[planner_server-2] [INFO] [1787291026.043998512] [planner_server]: Configuring plugin GridBased of type NavfnPlanner
[planner_server-2] [INFO] [1787291026.045662763] [planner_server]: Planner Server has GridBased  planners available.
[lifecycle_manager-5] [INFO] [1787291026.049138406] [lifecycle_manager_planner]: [34m[1mActivating map_server[0m[0m
[map_server-1] [INFO] [1787291026.049327744] [map_server]: Activating
[map_server-1] [INFO] [1787291026.050867269] [map_server]: Creating bond (map_server) to lifecycle manager.
[lifecycle_manager-5] [INFO] [1787291026.053007327] [lifecycle_manager_planner]: [34m[1mActivating planner_server[0m[0m
[planner_server-2] [INFO] [1787291026.053178620] [planner_server]: Activating
[planner_server-2] [INFO] [1787291026.053208530] [global_costmap.global_costmap]: Activating
[planner_server-2] [INFO] [1787291026.053215330] [global_costmap.global_costmap]: Checking transform
[planner_server-2] [INFO] [1787291026.053334411] [global_costmap.global_costmap]: start
[planner_server-2] [INFO] [1787291026.064103298] [global_costmap.global_costmap]: StaticLayer: Resizing costmap to 1600 X 1600 at 0.050000 m/pix
[planner_server-2] [INFO] [1787291026.103485123] [planner_server]: Activating plugin GridBased of type NavfnPlanner
[planner_server-2] [INFO] [1787291026.103981960] [planner_server]: Creating bond (planner_server) to lifecycle manager.
[lifecycle_manager-5] [INFO] [1787291026.106393233] [lifecycle_manager_planner]: [34m[1mManaged nodes are active[0m[0m
[WARNING] [launch]: user interrupted with ctrl-c (SIGINT)
[planner_server-2] [INFO] [1787291028.181174132] [rclcpp]: signal_handler(SIGINT/SIGTERM)
[planner_server-2] [INFO] [1787291028.181337881] [planner_server]: Running Nav2 LifecycleNode rcl preshutdown (planner_server)
[static_transform_publisher-3] [INFO] [1787291028.181177658] [rclcpp]: signal_handler(SIGINT/SIGTERM)
[static_transform_publisher-4] [INFO] [1787291028.181223425] [rclcpp]: signal_handler(SIGINT/SIGTERM)
[map_server-1] [INFO] [1787291028.181226062] [rclcpp]: signal_handler(SIGINT/SIGTERM)
[map_server-1] [INFO] [1787291028.181349251] [map_server]: Running Nav2 LifecycleNode rcl preshutdown (map_server)
[lifecycle_manager-5] [INFO] [1787291028.181225508] [rclcpp]: signal_handler(SIGINT/SIGTERM)
[INFO] [lifecycle_manager-5]: sending signal 'SIGINT' to process[lifecycle_manager-5]
[INFO] [static_transform_publisher-4]: sending signal 'SIGINT' to process[static_transform_publisher-4]
[INFO] [static_transform_publisher-3]: sending signal 'SIGINT' to process[static_transform_publisher-3]
[INFO] [planner_server-2]: sending signal 'SIGINT' to process[planner_server-2]
[INFO] [map_server-1]: sending signal 'SIGINT' to process[map_server-1]
[planner_server-2] [INFO] [1787291028.181447425] [planner_server]: Deactivating
[planner_server-2] [INFO] [1787291028.181495420] [global_costmap.global_costmap]: Deactivating
[ERROR] [lifecycle_manager-5]: process has died [pid 2216178, exit code -2, cmd '/home/robot/pudu_robot_ws/external/arena4_ws/install/nav2_lifecycle_manager/lib/nav2_lifecycle_manager/lifecycle_manager --ros-args -r __node:=lifecycle_manager_planner --params-file /home/robot/pudu_robot_ws/experiments/planner_benchmark/hospital_005/stage5_navfn_normalized/logs/stack_params_navfn_normalized.yaml --params-file /tmp/launch_params_5zpn62wd'].
[ERROR] [static_transform_publisher-4]: process has died [pid 2216176, exit code -2, cmd '/home/robot/pudu_robot_ws/external/arena4_ws/install/tf2_ros/lib/tf2_ros/static_transform_publisher 0 0 0 0 0 0 odom base_link --ros-args -r __node:=benchmark_odom_to_base_link --params-file /tmp/launch_params_fwrz1353'].
[ERROR] [static_transform_publisher-3]: process has died [pid 2216174, exit code -2, cmd '/home/robot/pudu_robot_ws/external/arena4_ws/install/tf2_ros/lib/tf2_ros/static_transform_publisher 0 0 0 0 0 0 map odom --ros-args -r __node:=benchmark_map_to_odom --params-file /tmp/launch_params_lcbat7pk'].
[map_server-1] [INFO] [1787291028.181447322] [map_server]: Deactivating
[map_server-1] [INFO] [1787291028.181470791] [map_server]: Destroying bond (map_server) to lifecycle manager.
[lifecycle_manager-5] [INFO] [1787291028.181366686] [lifecycle_manager_planner]: Running Nav2 LifecycleManager rcl preshutdown (lifecycle_manager_planner)
[lifecycle_manager-5] [INFO] [1787291028.182939294] [lifecycle_manager_planner]: Destroying lifecycle_manager_planner
[map_server-1] [INFO] [1787291028.192175282] [map_server]: Cleaning up
[map_server-1] [INFO] [1787291028.192451152] [map_server]: Destroying bond (map_server) to lifecycle manager.
[map_server-1] [INFO] [1787291028.193107531] [rclcpp]: signal_handler(SIGINT/SIGTERM)
[map_server-1] [INFO] [1787291028.194425767] [map_server]: Destroying
[INFO] [map_server-1]: process has finished cleanly [pid 2216170]
[planner_server-2] [INFO] [1787291029.053543044] [planner_server]: Deactivating plugin GridBased of type NavfnPlanner
[planner_server-2] [INFO] [1787291029.053606733] [planner_server]: Destroying bond (planner_server) to lifecycle manager.
[planner_server-2] [INFO] [1787291029.064249854] [planner_server]: Cleaning up
[planner_server-2] [INFO] [1787291029.067510456] [global_costmap.global_costmap]: Cleaning up
[planner_server-2] [INFO] [1787291029.069195673] [planner_server]: Cleaning up plugin GridBased of type NavfnPlanner
[planner_server-2] [INFO] [1787291029.069256022] [planner_server]: Destroying plugin GridBased of type NavfnPlanner
[planner_server-2] [INFO] [1787291029.071595919] [planner_server]: Destroying bond (planner_server) to lifecycle manager.
[planner_server-2] [INFO] [1787291029.072230159] [rclcpp]: signal_handler(SIGINT/SIGTERM)
[planner_server-2] [INFO] [1787291029.072494889] [global_costmap.global_costmap]: Destroying
[planner_server-2] [INFO] [1787291029.074081148] [planner_server]: Destroying
[INFO] [planner_server-2]: process has finished cleanly [pid 2216172]
