[INFO] [launch]: All log files can be found below /home/robot/.ros/log/2026-08-21-13-43-49-702374-robot-2216268
[INFO] [launch]: Default logging verbosity is set to INFO
[INFO] [map_server-1]: process started with pid [2216269]
[INFO] [planner_server-2]: process started with pid [2216271]
[INFO] [static_transform_publisher-3]: process started with pid [2216273]
[INFO] [static_transform_publisher-4]: process started with pid [2216275]
[INFO] [lifecycle_manager-5]: process started with pid [2216277]
[static_transform_publisher-3] [WARN] [1787291029.767029805] []: Old-style arguments are deprecated; see --help for new-style arguments
[static_transform_publisher-4] [WARN] [1787291029.774361185] []: Old-style arguments are deprecated; see --help for new-style arguments
[static_transform_publisher-3] [INFO] [1787291029.781096975] [benchmark_map_to_odom]: Spinning until stopped - publishing transform
[static_transform_publisher-3] translation: ('0.000000', '0.000000', '0.000000')
[static_transform_publisher-3] rotation: ('0.000000', '0.000000', '0.000000', '1.000000')
[static_transform_publisher-3] from 'map' to 'odom'
[lifecycle_manager-5] [INFO] [1787291029.788159455] [lifecycle_manager_planner]: Creating
[lifecycle_manager-5] [INFO] [1787291029.790694662] [lifecycle_manager_planner]: [34m[1mCreating and initializing lifecycle service clients[0m[0m
[static_transform_publisher-4] [INFO] [1787291029.798824887] [benchmark_odom_to_base_link]: Spinning until stopped - publishing transform
[static_transform_publisher-4] translation: ('0.000000', '0.000000', '0.000000')
[static_transform_publisher-4] rotation: ('0.000000', '0.000000', '0.000000', '1.000000')
[static_transform_publisher-4] from 'odom' to 'base_link'
[map_server-1] [INFO] [1787291029.799050937] [map_server]: 
[map_server-1] 	map_server lifecycle node launched. 
[map_server-1] 	Waiting on external lifecycle transitions to activate
[map_server-1] 	See https://design.ros2.org/articles/node_lifecycle.html for more information.
[map_server-1] [INFO] [1787291029.799197819] [map_server]: Creating
[planner_server-2] [INFO] [1787291029.805253832] [planner_server]: 
[planner_server-2] 	planner_server lifecycle node launched. 
[planner_server-2] 	Waiting on external lifecycle transitions to activate
[planner_server-2] 	See https://design.ros2.org/articles/node_lifecycle.html for more information.
[planner_server-2] [INFO] [1787291029.820565856] [planner_server]: Creating
[planner_server-2] [INFO] [1787291029.827588025] [global_costmap.global_costmap]: 
[planner_server-2] 	global_costmap lifecycle node launched. 
[planner_server-2] 	Waiting on external lifecycle transitions to activate
[planner_server-2] 	See https://design.ros2.org/articles/node_lifecycle.html for more information.
[planner_server-2] [INFO] [1787291029.831342561] [global_costmap.global_costmap]: Creating Costmap
[lifecycle_manager-5] [INFO] [1787291029.899196233] [lifecycle_manager_planner]: [34m[1mStarting managed nodes bringup...[0m[0m
[lifecycle_manager-5] [INFO] [1787291029.899264155] [lifecycle_manager_planner]: [34m[1mConfiguring map_server[0m[0m
[map_server-1] [INFO] [1787291029.899944189] [map_server]: Configuring
[map_server-1] [INFO] [1787291029.900046149] [map_io]: Loading yaml file: /home/robot/pudu_robot_ws/experiments/maps/hospital_005/map.yaml
[map_server-1] [INFO] [1787291029.900228770] [map_io]: resolution: 0.05
[map_server-1] [INFO] [1787291029.900234110] [map_io]: origin[0]: -40
[map_server-1] [INFO] [1787291029.900236605] [map_io]: origin[1]: -40
[map_server-1] [INFO] [1787291029.900239000] [map_io]: origin[2]: 0
[map_server-1] [INFO] [1787291029.900241589] [map_io]: free_thresh: 0.196
[map_server-1] [INFO] [1787291029.900244032] [map_io]: occupied_thresh: 0.65
[map_server-1] [INFO] [1787291029.900246896] [map_io]: mode: trinary
[map_server-1] [INFO] [1787291029.900249838] [map_io]: negate: 0
[map_server-1] [INFO] [1787291029.900364232] [map_io]: Loading image_file: /home/robot/pudu_robot_ws/experiments/maps/hospital_005/map.pgm
[map_server-1] [INFO] [1787291030.022753947] [map_io]: Read map /home/robot/pudu_robot_ws/experiments/maps/hospital_005/map.pgm: 1600 X 1600 map @ 0.05 m/cell
[lifecycle_manager-5] [INFO] [1787291030.028857265] [lifecycle_manager_planner]: [34m[1mConfiguring planner_server[0m[0m
[planner_server-2] [INFO] [1787291030.029286743] [planner_server]: Configuring
[planner_server-2] [INFO] [1787291030.029325535] [global_costmap.global_costmap]: Configuring
[planner_server-2] [INFO] [1787291030.035358853] [global_costmap.global_costmap]: Using plugin "static_layer"
[planner_server-2] [INFO] [1787291030.039077098] [global_costmap.global_costmap]: Subscribing to the map topic (/map) with transient local durability
[planner_server-2] [INFO] [1787291030.039985778] [global_costmap.global_costmap]: Initialized plugin "static_layer"
[planner_server-2] [INFO] [1787291030.040003873] [global_costmap.global_costmap]: Using plugin "inflation_layer"
[planner_server-2] [INFO] [1787291030.040411830] [global_costmap.global_costmap]: Initialized plugin "inflation_layer"
[planner_server-2] [INFO] [1787291030.044918911] [planner_server]: Created global planner plugin GridBased of type nav2_navfn_planner/NavfnPlanner
[planner_server-2] [INFO] [1787291030.044942824] [planner_server]: Configuring plugin GridBased of type NavfnPlanner
[planner_server-2] [INFO] [1787291030.046572753] [planner_server]: Planner Server has GridBased  planners available.
[lifecycle_manager-5] [INFO] [1787291030.049944356] [lifecycle_manager_planner]: [34m[1mActivating map_server[0m[0m
[map_server-1] [INFO] [1787291030.050150155] [map_server]: Activating
[map_server-1] [INFO] [1787291030.051673729] [map_server]: Creating bond (map_server) to lifecycle manager.
[lifecycle_manager-5] [INFO] [1787291030.053871097] [lifecycle_manager_planner]: [34m[1mActivating planner_server[0m[0m
[planner_server-2] [INFO] [1787291030.054087360] [planner_server]: Activating
[planner_server-2] [INFO] [1787291030.054118004] [global_costmap.global_costmap]: Activating
[planner_server-2] [INFO] [1787291030.054125941] [global_costmap.global_costmap]: Checking transform
[planner_server-2] [INFO] [1787291030.054252021] [global_costmap.global_costmap]: start
[planner_server-2] [INFO] [1787291030.074193036] [global_costmap.global_costmap]: StaticLayer: Resizing costmap to 1600 X 1600 at 0.050000 m/pix
[planner_server-2] [INFO] [1787291030.104420755] [planner_server]: Activating plugin GridBased of type NavfnPlanner
[planner_server-2] [INFO] [1787291030.105039057] [planner_server]: Creating bond (planner_server) to lifecycle manager.
[lifecycle_manager-5] [INFO] [1787291030.107388972] [lifecycle_manager_planner]: [34m[1mManaged nodes are active[0m[0m
[WARNING] [launch]: user interrupted with ctrl-c (SIGINT)
[INFO] [lifecycle_manager-5]: sending signal 'SIGINT' to process[lifecycle_manager-5]
[INFO] [static_transform_publisher-4]: sending signal 'SIGINT' to process[static_transform_publisher-4]
[INFO] [static_transform_publisher-3]: sending signal 'SIGINT' to process[static_transform_publisher-3]
[INFO] [planner_server-2]: sending signal 'SIGINT' to process[planner_server-2]
[INFO] [map_server-1]: sending signal 'SIGINT' to process[map_server-1]
[planner_server-2] [INFO] [1787291031.938520784] [rclcpp]: signal_handler(SIGINT/SIGTERM)
[planner_server-2] [INFO] [1787291031.938668213] [planner_server]: Running Nav2 LifecycleNode rcl preshutdown (planner_server)
[planner_server-2] [INFO] [1787291031.938754832] [planner_server]: Deactivating
[planner_server-2] [INFO] [1787291031.938804121] [global_costmap.global_costmap]: Deactivating
[lifecycle_manager-5] [INFO] [1787291031.938527104] [rclcpp]: signal_handler(SIGINT/SIGTERM)
[lifecycle_manager-5] [INFO] [1787291031.938701826] [lifecycle_manager_planner]: Running Nav2 LifecycleManager rcl preshutdown (lifecycle_manager_planner)
[static_transform_publisher-4] [INFO] [1787291031.938537686] [rclcpp]: signal_handler(SIGINT/SIGTERM)
[map_server-1] [INFO] [1787291031.938575739] [rclcpp]: signal_handler(SIGINT/SIGTERM)
[map_server-1] [INFO] [1787291031.938694679] [map_server]: Running Nav2 LifecycleNode rcl preshutdown (map_server)
[map_server-1] [INFO] [1787291031.938762493] [map_server]: Deactivating
[map_server-1] [INFO] [1787291031.938771914] [map_server]: Destroying bond (map_server) to lifecycle manager.
[static_transform_publisher-3] [INFO] [1787291031.938636609] [rclcpp]: signal_handler(SIGINT/SIGTERM)
[lifecycle_manager-5] [INFO] [1787291031.940716106] [lifecycle_manager_planner]: Destroying lifecycle_manager_planner
[ERROR] [static_transform_publisher-3]: process has died [pid 2216273, exit code -2, cmd '/home/robot/pudu_robot_ws/external/arena4_ws/install/tf2_ros/lib/tf2_ros/static_transform_publisher 0 0 0 0 0 0 map odom --ros-args -r __node:=benchmark_map_to_odom --params-file /tmp/launch_params_90s6fgr1'].
[ERROR] [static_transform_publisher-4]: process has died [pid 2216275, exit code -2, cmd '/home/robot/pudu_robot_ws/external/arena4_ws/install/tf2_ros/lib/tf2_ros/static_transform_publisher 0 0 0 0 0 0 odom base_link --ros-args -r __node:=benchmark_odom_to_base_link --params-file /tmp/launch_params_eck_i4h6'].
[map_server-1] [INFO] [1787291031.949392453] [map_server]: Cleaning up
[map_server-1] [INFO] [1787291031.949543178] [map_server]: Destroying bond (map_server) to lifecycle manager.
[map_server-1] [INFO] [1787291031.950057969] [rclcpp]: signal_handler(SIGINT/SIGTERM)
[map_server-1] [INFO] [1787291031.950845478] [map_server]: Destroying
[INFO] [lifecycle_manager-5]: process has finished cleanly [pid 2216277]
[planner_server-2] [INFO] [1787291032.054474874] [planner_server]: Deactivating plugin GridBased of type NavfnPlanner
[planner_server-2] [INFO] [1787291032.054536231] [planner_server]: Destroying bond (planner_server) to lifecycle manager.
[INFO] [map_server-1]: process has finished cleanly [pid 2216269]
[planner_server-2] [INFO] [1787291032.065238416] [planner_server]: Cleaning up
[planner_server-2] [INFO] [1787291032.068723941] [global_costmap.global_costmap]: Cleaning up
[planner_server-2] [INFO] [1787291032.070504738] [planner_server]: Cleaning up plugin GridBased of type NavfnPlanner
[planner_server-2] [INFO] [1787291032.070562233] [planner_server]: Destroying plugin GridBased of type NavfnPlanner
[planner_server-2] [INFO] [1787291032.072015955] [planner_server]: Destroying bond (planner_server) to lifecycle manager.
[planner_server-2] [INFO] [1787291032.072453097] [rclcpp]: signal_handler(SIGINT/SIGTERM)
[planner_server-2] [INFO] [1787291032.072951094] [global_costmap.global_costmap]: Destroying
[planner_server-2] [INFO] [1787291032.074656477] [planner_server]: Destroying
[INFO] [planner_server-2]: process has finished cleanly [pid 2216271]
