[INFO] [launch]: All log files can be found below /home/robot/.ros/log/2026-08-21-13-42-48-352798-robot-2214962
[INFO] [launch]: Default logging verbosity is set to INFO
[INFO] [map_server-1]: process started with pid [2214972]
[INFO] [planner_server-2]: process started with pid [2214974]
[INFO] [static_transform_publisher-3]: process started with pid [2214976]
[INFO] [static_transform_publisher-4]: process started with pid [2214978]
[INFO] [lifecycle_manager-5]: process started with pid [2214980]
[static_transform_publisher-3] [WARN] [1787290968.436845866] []: Old-style arguments are deprecated; see --help for new-style arguments
[static_transform_publisher-4] [WARN] [1787290968.438048575] []: Old-style arguments are deprecated; see --help for new-style arguments
[lifecycle_manager-5] [INFO] [1787290968.450904532] [lifecycle_manager_planner]: Creating
[static_transform_publisher-3] [INFO] [1787290968.451628843] [benchmark_map_to_odom]: Spinning until stopped - publishing transform
[static_transform_publisher-3] translation: ('0.000000', '0.000000', '0.000000')
[static_transform_publisher-3] rotation: ('0.000000', '0.000000', '0.000000', '1.000000')
[static_transform_publisher-3] from 'map' to 'odom'
[lifecycle_manager-5] [INFO] [1787290968.453103520] [lifecycle_manager_planner]: [34m[1mCreating and initializing lifecycle service clients[0m[0m
[map_server-1] [INFO] [1787290968.458640628] [map_server]: 
[map_server-1] 	map_server lifecycle node launched. 
[map_server-1] 	Waiting on external lifecycle transitions to activate
[map_server-1] 	See https://design.ros2.org/articles/node_lifecycle.html for more information.
[map_server-1] [INFO] [1787290968.458790570] [map_server]: Creating
[static_transform_publisher-4] [INFO] [1787290968.461797262] [benchmark_odom_to_base_link]: Spinning until stopped - publishing transform
[static_transform_publisher-4] translation: ('0.000000', '0.000000', '0.000000')
[static_transform_publisher-4] rotation: ('0.000000', '0.000000', '0.000000', '1.000000')
[static_transform_publisher-4] from 'odom' to 'base_link'
[planner_server-2] [INFO] [1787290968.461863285] [planner_server]: 
[planner_server-2] 	planner_server lifecycle node launched. 
[planner_server-2] 	Waiting on external lifecycle transitions to activate
[planner_server-2] 	See https://design.ros2.org/articles/node_lifecycle.html for more information.
[planner_server-2] [INFO] [1787290968.470636598] [planner_server]: Creating
[planner_server-2] [INFO] [1787290968.474421088] [global_costmap.global_costmap]: 
[planner_server-2] 	global_costmap lifecycle node launched. 
[planner_server-2] 	Waiting on external lifecycle transitions to activate
[planner_server-2] 	See https://design.ros2.org/articles/node_lifecycle.html for more information.
[planner_server-2] [INFO] [1787290968.476871501] [global_costmap.global_costmap]: Creating Costmap
[lifecycle_manager-5] [INFO] [1787290968.558967350] [lifecycle_manager_planner]: [34m[1mStarting managed nodes bringup...[0m[0m
[lifecycle_manager-5] [INFO] [1787290968.559032846] [lifecycle_manager_planner]: [34m[1mConfiguring map_server[0m[0m
[map_server-1] [INFO] [1787290968.559856969] [map_server]: Configuring
[map_server-1] [INFO] [1787290968.559962969] [map_io]: Loading yaml file: /home/robot/pudu_robot_ws/experiments/maps/hospital_005/map.yaml
[map_server-1] [INFO] [1787290968.560236850] [map_io]: resolution: 0.05
[map_server-1] [INFO] [1787290968.560249538] [map_io]: origin[0]: -40
[map_server-1] [INFO] [1787290968.560257235] [map_io]: origin[1]: -40
[map_server-1] [INFO] [1787290968.560263967] [map_io]: origin[2]: 0
[map_server-1] [INFO] [1787290968.560270781] [map_io]: free_thresh: 0.196
[map_server-1] [INFO] [1787290968.560277577] [map_io]: occupied_thresh: 0.65
[map_server-1] [INFO] [1787290968.560286829] [map_io]: mode: trinary
[map_server-1] [INFO] [1787290968.560294391] [map_io]: negate: 0
[map_server-1] [INFO] [1787290968.560454577] [map_io]: Loading image_file: /home/robot/pudu_robot_ws/experiments/maps/hospital_005/map.pgm
[map_server-1] [INFO] [1787290968.685362554] [map_io]: Read map /home/robot/pudu_robot_ws/experiments/maps/hospital_005/map.pgm: 1600 X 1600 map @ 0.05 m/cell
[lifecycle_manager-5] [INFO] [1787290968.691937367] [lifecycle_manager_planner]: [34m[1mConfiguring planner_server[0m[0m
[planner_server-2] [INFO] [1787290968.692365199] [planner_server]: Configuring
[planner_server-2] [INFO] [1787290968.692402943] [global_costmap.global_costmap]: Configuring
[planner_server-2] [INFO] [1787290968.698649251] [global_costmap.global_costmap]: Using plugin "static_layer"
[planner_server-2] [INFO] [1787290968.702592928] [global_costmap.global_costmap]: Subscribing to the map topic (/map) with transient local durability
[planner_server-2] [INFO] [1787290968.703539279] [global_costmap.global_costmap]: Initialized plugin "static_layer"
[planner_server-2] [INFO] [1787290968.703557976] [global_costmap.global_costmap]: Using plugin "inflation_layer"
[planner_server-2] [INFO] [1787290968.703960114] [global_costmap.global_costmap]: Initialized plugin "inflation_layer"
[planner_server-2] [INFO] [1787290968.710180281] [planner_server]: Created global planner plugin GridBased of type nav2_navfn_planner/NavfnPlanner
[planner_server-2] [INFO] [1787290968.710232102] [planner_server]: Configuring plugin GridBased of type NavfnPlanner
[planner_server-2] [INFO] [1787290968.712939695] [planner_server]: Planner Server has GridBased  planners available.
[lifecycle_manager-5] [INFO] [1787290968.719204436] [lifecycle_manager_planner]: [34m[1mActivating map_server[0m[0m
[map_server-1] [INFO] [1787290968.719493111] [map_server]: Activating
[map_server-1] [INFO] [1787290968.722018668] [map_server]: Creating bond (map_server) to lifecycle manager.
[lifecycle_manager-5] [INFO] [1787290968.725519466] [lifecycle_manager_planner]: [34m[1mActivating planner_server[0m[0m
[planner_server-2] [INFO] [1787290968.725748257] [planner_server]: Activating
[planner_server-2] [INFO] [1787290968.725807616] [global_costmap.global_costmap]: Activating
[planner_server-2] [INFO] [1787290968.725827776] [global_costmap.global_costmap]: Checking transform
[planner_server-2] [INFO] [1787290968.726060189] [global_costmap.global_costmap]: start
[planner_server-2] [INFO] [1787290968.734773390] [global_costmap.global_costmap]: StaticLayer: Resizing costmap to 1600 X 1600 at 0.050000 m/pix
[planner_server-2] [INFO] [1787290968.776286411] [planner_server]: Activating plugin GridBased of type NavfnPlanner
[planner_server-2] [INFO] [1787290968.777100777] [planner_server]: Creating bond (planner_server) to lifecycle manager.
[lifecycle_manager-5] [INFO] [1787290968.780644686] [lifecycle_manager_planner]: [34m[1mManaged nodes are active[0m[0m
[WARNING] [launch]: user interrupted with ctrl-c (SIGINT)
[INFO] [lifecycle_manager-5]: sending signal 'SIGINT' to process[lifecycle_manager-5]
[INFO] [static_transform_publisher-4]: sending signal 'SIGINT' to process[static_transform_publisher-4]
[INFO] [static_transform_publisher-3]: sending signal 'SIGINT' to process[static_transform_publisher-3]
[INFO] [planner_server-2]: sending signal 'SIGINT' to process[planner_server-2]
[INFO] [map_server-1]: sending signal 'SIGINT' to process[map_server-1]
[lifecycle_manager-5] [INFO] [1787290971.030071067] [rclcpp]: signal_handler(SIGINT/SIGTERM)
[lifecycle_manager-5] [INFO] [1787290971.030245668] [lifecycle_manager_planner]: Running Nav2 LifecycleManager rcl preshutdown (lifecycle_manager_planner)
[static_transform_publisher-4] [INFO] [1787290971.030068953] [rclcpp]: signal_handler(SIGINT/SIGTERM)
[planner_server-2] [INFO] [1787290971.030117861] [rclcpp]: signal_handler(SIGINT/SIGTERM)
[planner_server-2] [INFO] [1787290971.030207175] [planner_server]: Running Nav2 LifecycleNode rcl preshutdown (planner_server)
[planner_server-2] [INFO] [1787290971.030269533] [planner_server]: Deactivating
[planner_server-2] [INFO] [1787290971.030292270] [global_costmap.global_costmap]: Deactivating
[ERROR] [static_transform_publisher-4]: process has died [pid 2214978, exit code -2, cmd '/home/robot/pudu_robot_ws/external/arena4_ws/install/tf2_ros/lib/tf2_ros/static_transform_publisher 0 0 0 0 0 0 odom base_link --ros-args -r __node:=benchmark_odom_to_base_link --params-file /tmp/launch_params_1i_5k_y5'].
[ERROR] [lifecycle_manager-5]: process has died [pid 2214980, exit code -2, cmd '/home/robot/pudu_robot_ws/external/arena4_ws/install/nav2_lifecycle_manager/lib/nav2_lifecycle_manager/lifecycle_manager --ros-args -r __node:=lifecycle_manager_planner --params-file /home/robot/pudu_robot_ws/experiments/planner_benchmark/hospital_005/stage5_navfn_product/logs/stack_params_navfn_product.yaml --params-file /tmp/launch_params_bx8k523k'].
[ERROR] [static_transform_publisher-3]: process has died [pid 2214976, exit code -2, cmd '/home/robot/pudu_robot_ws/external/arena4_ws/install/tf2_ros/lib/tf2_ros/static_transform_publisher 0 0 0 0 0 0 map odom --ros-args -r __node:=benchmark_map_to_odom --params-file /tmp/launch_params_47bsgtz4'].
[map_server-1] [INFO] [1787290971.030158152] [rclcpp]: signal_handler(SIGINT/SIGTERM)
[map_server-1] [INFO] [1787290971.030257279] [map_server]: Running Nav2 LifecycleNode rcl preshutdown (map_server)
[map_server-1] [INFO] [1787290971.030321800] [map_server]: Deactivating
[map_server-1] [INFO] [1787290971.030334228] [map_server]: Destroying bond (map_server) to lifecycle manager.
[static_transform_publisher-3] [INFO] [1787290971.030161219] [rclcpp]: signal_handler(SIGINT/SIGTERM)
[lifecycle_manager-5] [INFO] [1787290971.031970557] [lifecycle_manager_planner]: Destroying lifecycle_manager_planner
[map_server-1] [INFO] [1787290971.040910934] [map_server]: Cleaning up
[map_server-1] [INFO] [1787290971.041113249] [map_server]: Destroying bond (map_server) to lifecycle manager.
[map_server-1] [INFO] [1787290971.041807868] [rclcpp]: signal_handler(SIGINT/SIGTERM)
[map_server-1] [INFO] [1787290971.042371469] [map_server]: Destroying
[INFO] [map_server-1]: process has finished cleanly [pid 2214972]
[planner_server-2] [INFO] [1787290971.726234070] [planner_server]: Deactivating plugin GridBased of type NavfnPlanner
[planner_server-2] [INFO] [1787290971.726284615] [planner_server]: Destroying bond (planner_server) to lifecycle manager.
[planner_server-2] [INFO] [1787290971.736837118] [planner_server]: Cleaning up
[planner_server-2] [INFO] [1787290971.739292569] [global_costmap.global_costmap]: Cleaning up
[planner_server-2] [INFO] [1787290971.740514006] [planner_server]: Cleaning up plugin GridBased of type NavfnPlanner
[planner_server-2] [INFO] [1787290971.740575865] [planner_server]: Destroying plugin GridBased of type NavfnPlanner
[planner_server-2] [INFO] [1787290971.742044019] [planner_server]: Destroying bond (planner_server) to lifecycle manager.
[planner_server-2] [INFO] [1787290971.742497482] [rclcpp]: signal_handler(SIGINT/SIGTERM)
[planner_server-2] [INFO] [1787290971.743144435] [global_costmap.global_costmap]: Destroying
[planner_server-2] [INFO] [1787290971.746218713] [planner_server]: Destroying
[INFO] [planner_server-2]: process has finished cleanly [pid 2214974]
