[INFO] [launch]: All log files can be found below /home/robot/.ros/log/2026-08-21-13-42-37-236156-robot-2214664
[INFO] [launch]: Default logging verbosity is set to INFO
[INFO] [map_server-1]: process started with pid [2214667]
[INFO] [planner_server-2]: process started with pid [2214669]
[INFO] [static_transform_publisher-3]: process started with pid [2214671]
[INFO] [static_transform_publisher-4]: process started with pid [2214673]
[INFO] [lifecycle_manager-5]: process started with pid [2214675]
[static_transform_publisher-3] [WARN] [1787290957.305664260] []: Old-style arguments are deprecated; see --help for new-style arguments
[static_transform_publisher-4] [WARN] [1787290957.314211467] []: Old-style arguments are deprecated; see --help for new-style arguments
[static_transform_publisher-3] [INFO] [1787290957.321594113] [benchmark_map_to_odom]: Spinning until stopped - publishing transform
[static_transform_publisher-3] translation: ('0.000000', '0.000000', '0.000000')
[static_transform_publisher-3] rotation: ('0.000000', '0.000000', '0.000000', '1.000000')
[static_transform_publisher-3] from 'map' to 'odom'
[lifecycle_manager-5] [INFO] [1787290957.327071104] [lifecycle_manager_planner]: Creating
[lifecycle_manager-5] [INFO] [1787290957.329797408] [lifecycle_manager_planner]: [34m[1mCreating and initializing lifecycle service clients[0m[0m
[map_server-1] [INFO] [1787290957.341502702] [map_server]: 
[map_server-1] 	map_server lifecycle node launched. 
[map_server-1] 	Waiting on external lifecycle transitions to activate
[map_server-1] 	See https://design.ros2.org/articles/node_lifecycle.html for more information.
[map_server-1] [INFO] [1787290957.341663926] [map_server]: Creating
[static_transform_publisher-4] [INFO] [1787290957.342355756] [benchmark_odom_to_base_link]: Spinning until stopped - publishing transform
[static_transform_publisher-4] translation: ('0.000000', '0.000000', '0.000000')
[static_transform_publisher-4] rotation: ('0.000000', '0.000000', '0.000000', '1.000000')
[static_transform_publisher-4] from 'odom' to 'base_link'
[planner_server-2] [INFO] [1787290957.350262132] [planner_server]: 
[planner_server-2] 	planner_server lifecycle node launched. 
[planner_server-2] 	Waiting on external lifecycle transitions to activate
[planner_server-2] 	See https://design.ros2.org/articles/node_lifecycle.html for more information.
[planner_server-2] [INFO] [1787290957.360120293] [planner_server]: Creating
[planner_server-2] [INFO] [1787290957.364720147] [global_costmap.global_costmap]: 
[planner_server-2] 	global_costmap lifecycle node launched. 
[planner_server-2] 	Waiting on external lifecycle transitions to activate
[planner_server-2] 	See https://design.ros2.org/articles/node_lifecycle.html for more information.
[planner_server-2] [INFO] [1787290957.367233098] [global_costmap.global_costmap]: Creating Costmap
[lifecycle_manager-5] [INFO] [1787290957.441694957] [lifecycle_manager_planner]: [34m[1mStarting managed nodes bringup...[0m[0m
[lifecycle_manager-5] [INFO] [1787290957.441766435] [lifecycle_manager_planner]: [34m[1mConfiguring map_server[0m[0m
[map_server-1] [INFO] [1787290957.442465994] [map_server]: Configuring
[map_server-1] [INFO] [1787290957.442569016] [map_io]: Loading yaml file: /home/robot/pudu_robot_ws/experiments/maps/hospital_005/map.yaml
[map_server-1] [INFO] [1787290957.442761283] [map_io]: resolution: 0.05
[map_server-1] [INFO] [1787290957.442766728] [map_io]: origin[0]: -40
[map_server-1] [INFO] [1787290957.442769512] [map_io]: origin[1]: -40
[map_server-1] [INFO] [1787290957.442772301] [map_io]: origin[2]: 0
[map_server-1] [INFO] [1787290957.442775029] [map_io]: free_thresh: 0.196
[map_server-1] [INFO] [1787290957.442777696] [map_io]: occupied_thresh: 0.65
[map_server-1] [INFO] [1787290957.442780884] [map_io]: mode: trinary
[map_server-1] [INFO] [1787290957.442784364] [map_io]: negate: 0
[map_server-1] [INFO] [1787290957.442913908] [map_io]: Loading image_file: /home/robot/pudu_robot_ws/experiments/maps/hospital_005/map.pgm
[map_server-1] [INFO] [1787290957.578098054] [map_io]: Read map /home/robot/pudu_robot_ws/experiments/maps/hospital_005/map.pgm: 1600 X 1600 map @ 0.05 m/cell
[lifecycle_manager-5] [INFO] [1787290957.584739139] [lifecycle_manager_planner]: [34m[1mConfiguring planner_server[0m[0m
[planner_server-2] [INFO] [1787290957.585222326] [planner_server]: Configuring
[planner_server-2] [INFO] [1787290957.585266113] [global_costmap.global_costmap]: Configuring
[planner_server-2] [INFO] [1787290957.592188607] [global_costmap.global_costmap]: Using plugin "static_layer"
[planner_server-2] [INFO] [1787290957.596455554] [global_costmap.global_costmap]: Subscribing to the map topic (/map) with transient local durability
[planner_server-2] [INFO] [1787290957.597547341] [global_costmap.global_costmap]: Initialized plugin "static_layer"
[planner_server-2] [INFO] [1787290957.597569079] [global_costmap.global_costmap]: Using plugin "inflation_layer"
[planner_server-2] [INFO] [1787290957.598054853] [global_costmap.global_costmap]: Initialized plugin "inflation_layer"
[planner_server-2] [INFO] [1787290957.603447254] [planner_server]: Created global planner plugin GridBased of type nav2_navfn_planner/NavfnPlanner
[planner_server-2] [INFO] [1787290957.603482502] [planner_server]: Configuring plugin GridBased of type NavfnPlanner
[planner_server-2] [INFO] [1787290957.605384328] [planner_server]: Planner Server has GridBased  planners available.
[lifecycle_manager-5] [INFO] [1787290957.612434754] [lifecycle_manager_planner]: [34m[1mActivating map_server[0m[0m
[map_server-1] [INFO] [1787290957.612725065] [map_server]: Activating
[map_server-1] [INFO] [1787290957.614473785] [map_server]: Creating bond (map_server) to lifecycle manager.
[lifecycle_manager-5] [INFO] [1787290957.617529963] [lifecycle_manager_planner]: [34m[1mActivating planner_server[0m[0m
[planner_server-2] [INFO] [1787290957.617776462] [planner_server]: Activating
[planner_server-2] [INFO] [1787290957.617839752] [global_costmap.global_costmap]: Activating
[planner_server-2] [INFO] [1787290957.617860563] [global_costmap.global_costmap]: Checking transform
[planner_server-2] [INFO] [1787290957.618111986] [global_costmap.global_costmap]: start
[planner_server-2] [INFO] [1787290957.627640353] [global_costmap.global_costmap]: StaticLayer: Resizing costmap to 1600 X 1600 at 0.050000 m/pix
[planner_server-2] [INFO] [1787290957.668327534] [planner_server]: Activating plugin GridBased of type NavfnPlanner
[planner_server-2] [INFO] [1787290957.669221780] [planner_server]: Creating bond (planner_server) to lifecycle manager.
[lifecycle_manager-5] [INFO] [1787290957.672901797] [lifecycle_manager_planner]: [34m[1mManaged nodes are active[0m[0m
[WARNING] [launch]: user interrupted with ctrl-c (SIGINT)
[INFO] [lifecycle_manager-5]: sending signal 'SIGINT' to process[lifecycle_manager-5]
[INFO] [static_transform_publisher-4]: sending signal 'SIGINT' to process[static_transform_publisher-4]
[INFO] [static_transform_publisher-3]: sending signal 'SIGINT' to process[static_transform_publisher-3]
[INFO] [planner_server-2]: sending signal 'SIGINT' to process[planner_server-2]
[INFO] [map_server-1]: sending signal 'SIGINT' to process[map_server-1]
[map_server-1] [INFO] [1787290959.552847405] [rclcpp]: signal_handler(SIGINT/SIGTERM)
[map_server-1] [INFO] [1787290959.553017831] [map_server]: Running Nav2 LifecycleNode rcl preshutdown (map_server)
[planner_server-2] [INFO] [1787290959.552848920] [rclcpp]: signal_handler(SIGINT/SIGTERM)
[planner_server-2] [INFO] [1787290959.553019027] [planner_server]: Running Nav2 LifecycleNode rcl preshutdown (planner_server)
[static_transform_publisher-3] [INFO] [1787290959.552848354] [rclcpp]: signal_handler(SIGINT/SIGTERM)
[lifecycle_manager-5] [INFO] [1787290959.552847681] [rclcpp]: signal_handler(SIGINT/SIGTERM)
[lifecycle_manager-5] [INFO] [1787290959.553022999] [lifecycle_manager_planner]: Running Nav2 LifecycleManager rcl preshutdown (lifecycle_manager_planner)
[static_transform_publisher-4] [INFO] [1787290959.552849466] [rclcpp]: signal_handler(SIGINT/SIGTERM)
[map_server-1] [INFO] [1787290959.553141059] [map_server]: Deactivating
[map_server-1] [INFO] [1787290959.553165861] [map_server]: Destroying bond (map_server) to lifecycle manager.
[planner_server-2] [INFO] [1787290959.553140737] [planner_server]: Deactivating
[planner_server-2] [INFO] [1787290959.553193097] [global_costmap.global_costmap]: Deactivating
[lifecycle_manager-5] [INFO] [1787290959.555155814] [lifecycle_manager_planner]: Destroying lifecycle_manager_planner
[ERROR] [static_transform_publisher-4]: process has died [pid 2214673, exit code -2, cmd '/home/robot/pudu_robot_ws/external/arena4_ws/install/tf2_ros/lib/tf2_ros/static_transform_publisher 0 0 0 0 0 0 odom base_link --ros-args -r __node:=benchmark_odom_to_base_link --params-file /tmp/launch_params_9nzvudtj'].
[ERROR] [static_transform_publisher-3]: process has died [pid 2214671, exit code -2, cmd '/home/robot/pudu_robot_ws/external/arena4_ws/install/tf2_ros/lib/tf2_ros/static_transform_publisher 0 0 0 0 0 0 map odom --ros-args -r __node:=benchmark_map_to_odom --params-file /tmp/launch_params_70hieivh'].
[map_server-1] [INFO] [1787290959.563860128] [map_server]: Cleaning up
[map_server-1] [INFO] [1787290959.564048827] [map_server]: Destroying bond (map_server) to lifecycle manager.
[map_server-1] [INFO] [1787290959.564717735] [rclcpp]: signal_handler(SIGINT/SIGTERM)
[map_server-1] [INFO] [1787290959.565456418] [map_server]: Destroying
[planner_server-2] [INFO] [1787290959.618324468] [planner_server]: Deactivating plugin GridBased of type NavfnPlanner
[planner_server-2] [INFO] [1787290959.618386578] [planner_server]: Destroying bond (planner_server) to lifecycle manager.
[planner_server-2] [INFO] [1787290959.629098157] [planner_server]: Cleaning up
[planner_server-2] [INFO] [1787290959.632826257] [global_costmap.global_costmap]: Cleaning up
[planner_server-2] [INFO] [1787290959.634779106] [planner_server]: Cleaning up plugin GridBased of type NavfnPlanner
[planner_server-2] [INFO] [1787290959.634858020] [planner_server]: Destroying plugin GridBased of type NavfnPlanner
[planner_server-2] [INFO] [1787290959.637382505] [planner_server]: Destroying bond (planner_server) to lifecycle manager.
[planner_server-2] [INFO] [1787290959.638012204] [rclcpp]: signal_handler(SIGINT/SIGTERM)
[planner_server-2] [INFO] [1787290959.638409019] [global_costmap.global_costmap]: Destroying
[planner_server-2] [INFO] [1787290959.640155691] [planner_server]: Destroying
[INFO] [lifecycle_manager-5]: process has finished cleanly [pid 2214675]
[INFO] [map_server-1]: process has finished cleanly [pid 2214667]
[INFO] [planner_server-2]: process has finished cleanly [pid 2214669]
