[INFO] [launch]: All log files can be found below /home/robot/.ros/log/2026-08-21-13-42-33-246344-robot-2214560
[INFO] [launch]: Default logging verbosity is set to INFO
[INFO] [map_server-1]: process started with pid [2214561]
[INFO] [planner_server-2]: process started with pid [2214563]
[INFO] [static_transform_publisher-3]: process started with pid [2214565]
[INFO] [static_transform_publisher-4]: process started with pid [2214567]
[INFO] [lifecycle_manager-5]: process started with pid [2214569]
[static_transform_publisher-3] [WARN] [1787290953.312699106] []: Old-style arguments are deprecated; see --help for new-style arguments
[static_transform_publisher-4] [WARN] [1787290953.316189297] []: Old-style arguments are deprecated; see --help for new-style arguments
[lifecycle_manager-5] [INFO] [1787290953.326479867] [lifecycle_manager_planner]: Creating
[static_transform_publisher-3] [INFO] [1787290953.327251147] [benchmark_map_to_odom]: Spinning until stopped - publishing transform
[static_transform_publisher-3] translation: ('0.000000', '0.000000', '0.000000')
[static_transform_publisher-3] rotation: ('0.000000', '0.000000', '0.000000', '1.000000')
[static_transform_publisher-3] from 'map' to 'odom'
[lifecycle_manager-5] [INFO] [1787290953.329094479] [lifecycle_manager_planner]: [34m[1mCreating and initializing lifecycle service clients[0m[0m
[planner_server-2] [INFO] [1787290953.332150754] [planner_server]: 
[planner_server-2] 	planner_server lifecycle node launched. 
[planner_server-2] 	Waiting on external lifecycle transitions to activate
[planner_server-2] 	See https://design.ros2.org/articles/node_lifecycle.html for more information.
[planner_server-2] [INFO] [1787290953.340461013] [planner_server]: Creating
[static_transform_publisher-4] [INFO] [1787290953.340866253] [benchmark_odom_to_base_link]: Spinning until stopped - publishing transform
[static_transform_publisher-4] translation: ('0.000000', '0.000000', '0.000000')
[static_transform_publisher-4] rotation: ('0.000000', '0.000000', '0.000000', '1.000000')
[static_transform_publisher-4] from 'odom' to 'base_link'
[planner_server-2] [INFO] [1787290953.344004516] [global_costmap.global_costmap]: 
[planner_server-2] 	global_costmap lifecycle node launched. 
[planner_server-2] 	Waiting on external lifecycle transitions to activate
[planner_server-2] 	See https://design.ros2.org/articles/node_lifecycle.html for more information.
[planner_server-2] [INFO] [1787290953.346142155] [global_costmap.global_costmap]: Creating Costmap
[lifecycle_manager-5] [INFO] [1787290953.361849347] [lifecycle_manager_planner]: [34m[1mStarting managed nodes bringup...[0m[0m
[lifecycle_manager-5] [INFO] [1787290953.361899622] [lifecycle_manager_planner]: [34m[1mConfiguring map_server[0m[0m
[map_server-1] [INFO] [1787290953.362299473] [map_server]: 
[map_server-1] 	map_server lifecycle node launched. 
[map_server-1] 	Waiting on external lifecycle transitions to activate
[map_server-1] 	See https://design.ros2.org/articles/node_lifecycle.html for more information.
[map_server-1] [INFO] [1787290953.362450858] [map_server]: Creating
[map_server-1] [INFO] [1787290953.363617704] [map_server]: Configuring
[map_server-1] [INFO] [1787290953.363679844] [map_io]: Loading yaml file: /home/robot/pudu_robot_ws/experiments/maps/hospital_005/map.yaml
[map_server-1] [INFO] [1787290953.363887279] [map_io]: resolution: 0.05
[map_server-1] [INFO] [1787290953.363893959] [map_io]: origin[0]: -40
[map_server-1] [INFO] [1787290953.363898248] [map_io]: origin[1]: -40
[map_server-1] [INFO] [1787290953.363902182] [map_io]: origin[2]: 0
[map_server-1] [INFO] [1787290953.363906397] [map_io]: free_thresh: 0.196
[map_server-1] [INFO] [1787290953.363910537] [map_io]: occupied_thresh: 0.65
[map_server-1] [INFO] [1787290953.363914954] [map_io]: mode: trinary
[map_server-1] [INFO] [1787290953.363919452] [map_io]: negate: 0
[map_server-1] [INFO] [1787290953.364059089] [map_io]: Loading image_file: /home/robot/pudu_robot_ws/experiments/maps/hospital_005/map.pgm
[map_server-1] [INFO] [1787290953.492922648] [map_io]: Read map /home/robot/pudu_robot_ws/experiments/maps/hospital_005/map.pgm: 1600 X 1600 map @ 0.05 m/cell
[lifecycle_manager-5] [INFO] [1787290953.499057222] [lifecycle_manager_planner]: [34m[1mConfiguring planner_server[0m[0m
[planner_server-2] [INFO] [1787290953.499490983] [planner_server]: Configuring
[planner_server-2] [INFO] [1787290953.499529114] [global_costmap.global_costmap]: Configuring
[planner_server-2] [INFO] [1787290953.505697260] [global_costmap.global_costmap]: Using plugin "static_layer"
[planner_server-2] [INFO] [1787290953.509508391] [global_costmap.global_costmap]: Subscribing to the map topic (/map) with transient local durability
[planner_server-2] [INFO] [1787290953.510396643] [global_costmap.global_costmap]: Initialized plugin "static_layer"
[planner_server-2] [INFO] [1787290953.510414483] [global_costmap.global_costmap]: Using plugin "inflation_layer"
[planner_server-2] [INFO] [1787290953.510808529] [global_costmap.global_costmap]: Initialized plugin "inflation_layer"
[planner_server-2] [INFO] [1787290953.515380509] [planner_server]: Created global planner plugin GridBased of type nav2_navfn_planner/NavfnPlanner
[planner_server-2] [INFO] [1787290953.515404461] [planner_server]: Configuring plugin GridBased of type NavfnPlanner
[planner_server-2] [INFO] [1787290953.517216326] [planner_server]: Planner Server has GridBased  planners available.
[lifecycle_manager-5] [INFO] [1787290953.520680072] [lifecycle_manager_planner]: [34m[1mActivating map_server[0m[0m
[map_server-1] [INFO] [1787290953.520866344] [map_server]: Activating
[map_server-1] [INFO] [1787290953.522295557] [map_server]: Creating bond (map_server) to lifecycle manager.
[lifecycle_manager-5] [INFO] [1787290953.524466555] [lifecycle_manager_planner]: [34m[1mActivating planner_server[0m[0m
[planner_server-2] [INFO] [1787290953.524664976] [planner_server]: Activating
[planner_server-2] [INFO] [1787290953.524697928] [global_costmap.global_costmap]: Activating
[planner_server-2] [INFO] [1787290953.524705279] [global_costmap.global_costmap]: Checking transform
[planner_server-2] [INFO] [1787290953.524823171] [global_costmap.global_costmap]: start
[planner_server-2] [INFO] [1787290953.535423888] [global_costmap.global_costmap]: StaticLayer: Resizing costmap to 1600 X 1600 at 0.050000 m/pix
[planner_server-2] [INFO] [1787290953.574991546] [planner_server]: Activating plugin GridBased of type NavfnPlanner
[planner_server-2] [INFO] [1787290953.575569926] [planner_server]: Creating bond (planner_server) to lifecycle manager.
[lifecycle_manager-5] [INFO] [1787290953.577973797] [lifecycle_manager_planner]: [34m[1mManaged nodes are active[0m[0m
[WARNING] [launch]: user interrupted with ctrl-c (SIGINT)
[INFO] [lifecycle_manager-5]: sending signal 'SIGINT' to process[lifecycle_manager-5]
[INFO] [static_transform_publisher-4]: sending signal 'SIGINT' to process[static_transform_publisher-4]
[INFO] [static_transform_publisher-3]: sending signal 'SIGINT' to process[static_transform_publisher-3]
[INFO] [planner_server-2]: sending signal 'SIGINT' to process[planner_server-2]
[INFO] [map_server-1]: sending signal 'SIGINT' to process[map_server-1]
[static_transform_publisher-4] [INFO] [1787290956.027199014] [rclcpp]: signal_handler(SIGINT/SIGTERM)
[ERROR] [static_transform_publisher-4]: process has died [pid 2214567, exit code -2, cmd '/home/robot/pudu_robot_ws/external/arena4_ws/install/tf2_ros/lib/tf2_ros/static_transform_publisher 0 0 0 0 0 0 odom base_link --ros-args -r __node:=benchmark_odom_to_base_link --params-file /tmp/launch_params_h0j96guk'].
[ERROR] [lifecycle_manager-5]: process has died [pid 2214569, exit code -2, cmd '/home/robot/pudu_robot_ws/external/arena4_ws/install/nav2_lifecycle_manager/lib/nav2_lifecycle_manager/lifecycle_manager --ros-args -r __node:=lifecycle_manager_planner --params-file /home/robot/pudu_robot_ws/experiments/planner_benchmark/hospital_005/stage5_navfn_product/logs/stack_params_navfn_product.yaml --params-file /tmp/launch_params__yl9x4s6'].
[ERROR] [static_transform_publisher-3]: process has died [pid 2214565, exit code -2, cmd '/home/robot/pudu_robot_ws/external/arena4_ws/install/tf2_ros/lib/tf2_ros/static_transform_publisher 0 0 0 0 0 0 map odom --ros-args -r __node:=benchmark_map_to_odom --params-file /tmp/launch_params_sn4c8orc'].
[map_server-1] [INFO] [1787290956.027199646] [rclcpp]: signal_handler(SIGINT/SIGTERM)
[map_server-1] [INFO] [1787290956.027348428] [map_server]: Running Nav2 LifecycleNode rcl preshutdown (map_server)
[map_server-1] [INFO] [1787290956.027454922] [map_server]: Deactivating
[map_server-1] [INFO] [1787290956.027481821] [map_server]: Destroying bond (map_server) to lifecycle manager.
[planner_server-2] [INFO] [1787290956.027201483] [rclcpp]: signal_handler(SIGINT/SIGTERM)
[planner_server-2] [INFO] [1787290956.027349096] [planner_server]: Running Nav2 LifecycleNode rcl preshutdown (planner_server)
[planner_server-2] [INFO] [1787290956.027454089] [planner_server]: Deactivating
[planner_server-2] [INFO] [1787290956.027512492] [global_costmap.global_costmap]: Deactivating
[static_transform_publisher-3] [INFO] [1787290956.027472273] [rclcpp]: signal_handler(SIGINT/SIGTERM)
[lifecycle_manager-5] [INFO] [1787290956.027756496] [rclcpp]: signal_handler(SIGINT/SIGTERM)
[lifecycle_manager-5] [INFO] [1787290956.027877115] [lifecycle_manager_planner]: Running Nav2 LifecycleManager rcl preshutdown (lifecycle_manager_planner)
[lifecycle_manager-5] [INFO] [1787290956.030248364] [lifecycle_manager_planner]: Destroying lifecycle_manager_planner
[map_server-1] [INFO] [1787290956.038232964] [map_server]: Cleaning up
[map_server-1] [INFO] [1787290956.038464652] [map_server]: Destroying bond (map_server) to lifecycle manager.
[map_server-1] [INFO] [1787290956.039482897] [rclcpp]: signal_handler(SIGINT/SIGTERM)
[map_server-1] [INFO] [1787290956.040593330] [map_server]: Destroying
[INFO] [map_server-1]: process has finished cleanly [pid 2214561]
[planner_server-2] [INFO] [1787290956.525047540] [planner_server]: Deactivating plugin GridBased of type NavfnPlanner
[planner_server-2] [INFO] [1787290956.525128908] [planner_server]: Destroying bond (planner_server) to lifecycle manager.
[planner_server-2] [INFO] [1787290956.535846124] [planner_server]: Cleaning up
[planner_server-2] [INFO] [1787290956.539438512] [global_costmap.global_costmap]: Cleaning up
[planner_server-2] [INFO] [1787290956.541362909] [planner_server]: Cleaning up plugin GridBased of type NavfnPlanner
[planner_server-2] [INFO] [1787290956.541424318] [planner_server]: Destroying plugin GridBased of type NavfnPlanner
[planner_server-2] [INFO] [1787290956.542976988] [planner_server]: Destroying bond (planner_server) to lifecycle manager.
[planner_server-2] [INFO] [1787290956.543477781] [rclcpp]: signal_handler(SIGINT/SIGTERM)
[planner_server-2] [INFO] [1787290956.544127980] [global_costmap.global_costmap]: Destroying
[planner_server-2] [INFO] [1787290956.547274831] [planner_server]: Destroying
[INFO] [planner_server-2]: process has finished cleanly [pid 2214563]
