[INFO] [launch]: All log files can be found below /home/robot/.ros/log/2026-08-21-13-42-44-305117-robot-2214868
[INFO] [launch]: Default logging verbosity is set to INFO
[INFO] [map_server-1]: process started with pid [2214869]
[INFO] [planner_server-2]: process started with pid [2214871]
[INFO] [static_transform_publisher-3]: process started with pid [2214873]
[INFO] [static_transform_publisher-4]: process started with pid [2214875]
[INFO] [lifecycle_manager-5]: process started with pid [2214877]
[static_transform_publisher-4] [WARN] [1787290964.375248839] []: Old-style arguments are deprecated; see --help for new-style arguments
[static_transform_publisher-3] [WARN] [1787290964.377761932] []: Old-style arguments are deprecated; see --help for new-style arguments
[static_transform_publisher-4] [INFO] [1787290964.391472004] [benchmark_odom_to_base_link]: Spinning until stopped - publishing transform
[static_transform_publisher-4] translation: ('0.000000', '0.000000', '0.000000')
[static_transform_publisher-4] rotation: ('0.000000', '0.000000', '0.000000', '1.000000')
[static_transform_publisher-4] from 'odom' to 'base_link'
[lifecycle_manager-5] [INFO] [1787290964.394512528] [lifecycle_manager_planner]: Creating
[lifecycle_manager-5] [INFO] [1787290964.396880487] [lifecycle_manager_planner]: [34m[1mCreating and initializing lifecycle service clients[0m[0m
[static_transform_publisher-3] [INFO] [1787290964.399728987] [benchmark_map_to_odom]: Spinning until stopped - publishing transform
[static_transform_publisher-3] translation: ('0.000000', '0.000000', '0.000000')
[static_transform_publisher-3] rotation: ('0.000000', '0.000000', '0.000000', '1.000000')
[static_transform_publisher-3] from 'map' to 'odom'
[map_server-1] [INFO] [1787290964.403263715] [map_server]: 
[map_server-1] 	map_server lifecycle node launched. 
[map_server-1] 	Waiting on external lifecycle transitions to activate
[map_server-1] 	See https://design.ros2.org/articles/node_lifecycle.html for more information.
[map_server-1] [INFO] [1787290964.403440267] [map_server]: Creating
[planner_server-2] [INFO] [1787290964.403991875] [planner_server]: 
[planner_server-2] 	planner_server lifecycle node launched. 
[planner_server-2] 	Waiting on external lifecycle transitions to activate
[planner_server-2] 	See https://design.ros2.org/articles/node_lifecycle.html for more information.
[planner_server-2] [INFO] [1787290964.412627842] [planner_server]: Creating
[planner_server-2] [INFO] [1787290964.416976752] [global_costmap.global_costmap]: 
[planner_server-2] 	global_costmap lifecycle node launched. 
[planner_server-2] 	Waiting on external lifecycle transitions to activate
[planner_server-2] 	See https://design.ros2.org/articles/node_lifecycle.html for more information.
[planner_server-2] [INFO] [1787290964.419322648] [global_costmap.global_costmap]: Creating Costmap
[lifecycle_manager-5] [INFO] [1787290964.503104704] [lifecycle_manager_planner]: [34m[1mStarting managed nodes bringup...[0m[0m
[lifecycle_manager-5] [INFO] [1787290964.503179528] [lifecycle_manager_planner]: [34m[1mConfiguring map_server[0m[0m
[map_server-1] [INFO] [1787290964.503921065] [map_server]: Configuring
[map_server-1] [INFO] [1787290964.504018578] [map_io]: Loading yaml file: /home/robot/pudu_robot_ws/experiments/maps/hospital_005/map.yaml
[map_server-1] [INFO] [1787290964.504209437] [map_io]: resolution: 0.05
[map_server-1] [INFO] [1787290964.504215478] [map_io]: origin[0]: -40
[map_server-1] [INFO] [1787290964.504218100] [map_io]: origin[1]: -40
[map_server-1] [INFO] [1787290964.504220680] [map_io]: origin[2]: 0
[map_server-1] [INFO] [1787290964.504223313] [map_io]: free_thresh: 0.196
[map_server-1] [INFO] [1787290964.504225786] [map_io]: occupied_thresh: 0.65
[map_server-1] [INFO] [1787290964.504228728] [map_io]: mode: trinary
[map_server-1] [INFO] [1787290964.504231836] [map_io]: negate: 0
[map_server-1] [INFO] [1787290964.504353775] [map_io]: Loading image_file: /home/robot/pudu_robot_ws/experiments/maps/hospital_005/map.pgm
[map_server-1] [INFO] [1787290964.630756961] [map_io]: Read map /home/robot/pudu_robot_ws/experiments/maps/hospital_005/map.pgm: 1600 X 1600 map @ 0.05 m/cell
[lifecycle_manager-5] [INFO] [1787290964.637075774] [lifecycle_manager_planner]: [34m[1mConfiguring planner_server[0m[0m
[planner_server-2] [INFO] [1787290964.637571136] [planner_server]: Configuring
[planner_server-2] [INFO] [1787290964.637615150] [global_costmap.global_costmap]: Configuring
[planner_server-2] [INFO] [1787290964.644489507] [global_costmap.global_costmap]: Using plugin "static_layer"
[planner_server-2] [INFO] [1787290964.648241957] [global_costmap.global_costmap]: Subscribing to the map topic (/map) with transient local durability
[planner_server-2] [INFO] [1787290964.649052759] [global_costmap.global_costmap]: Initialized plugin "static_layer"
[planner_server-2] [INFO] [1787290964.649070494] [global_costmap.global_costmap]: Using plugin "inflation_layer"
[planner_server-2] [INFO] [1787290964.649667519] [global_costmap.global_costmap]: Initialized plugin "inflation_layer"
[planner_server-2] [INFO] [1787290964.654303580] [planner_server]: Created global planner plugin GridBased of type nav2_navfn_planner/NavfnPlanner
[planner_server-2] [INFO] [1787290964.654338528] [planner_server]: Configuring plugin GridBased of type NavfnPlanner
[planner_server-2] [INFO] [1787290964.655981677] [planner_server]: Planner Server has GridBased  planners available.
[lifecycle_manager-5] [INFO] [1787290964.659287825] [lifecycle_manager_planner]: [34m[1mActivating map_server[0m[0m
[map_server-1] [INFO] [1787290964.659453919] [map_server]: Activating
[map_server-1] [INFO] [1787290964.660936614] [map_server]: Creating bond (map_server) to lifecycle manager.
[lifecycle_manager-5] [INFO] [1787290964.663209932] [lifecycle_manager_planner]: [34m[1mActivating planner_server[0m[0m
[planner_server-2] [INFO] [1787290964.663460059] [planner_server]: Activating
[planner_server-2] [INFO] [1787290964.663500328] [global_costmap.global_costmap]: Activating
[planner_server-2] [INFO] [1787290964.663507759] [global_costmap.global_costmap]: Checking transform
[planner_server-2] [INFO] [1787290964.663648091] [global_costmap.global_costmap]: start
[planner_server-2] [INFO] [1787290964.683827695] [global_costmap.global_costmap]: StaticLayer: Resizing costmap to 1600 X 1600 at 0.050000 m/pix
[planner_server-2] [INFO] [1787290964.713878326] [planner_server]: Activating plugin GridBased of type NavfnPlanner
[planner_server-2] [INFO] [1787290964.714499885] [planner_server]: Creating bond (planner_server) to lifecycle manager.
[lifecycle_manager-5] [INFO] [1787290964.716979076] [lifecycle_manager_planner]: [34m[1mManaged nodes are active[0m[0m
[WARNING] [launch]: user interrupted with ctrl-c (SIGINT)
[INFO] [lifecycle_manager-5]: sending signal 'SIGINT' to process[lifecycle_manager-5]
[INFO] [static_transform_publisher-4]: sending signal 'SIGINT' to process[static_transform_publisher-4]
[INFO] [static_transform_publisher-3]: sending signal 'SIGINT' to process[static_transform_publisher-3]
[INFO] [planner_server-2]: sending signal 'SIGINT' to process[planner_server-2]
[INFO] [map_server-1]: sending signal 'SIGINT' to process[map_server-1]
[ERROR] [lifecycle_manager-5]: process has died [pid 2214877, exit code -2, cmd '/home/robot/pudu_robot_ws/external/arena4_ws/install/nav2_lifecycle_manager/lib/nav2_lifecycle_manager/lifecycle_manager --ros-args -r __node:=lifecycle_manager_planner --params-file /home/robot/pudu_robot_ws/experiments/planner_benchmark/hospital_005/stage5_navfn_product/logs/stack_params_navfn_product.yaml --params-file /tmp/launch_params_mgf4_1er'].
[ERROR] [static_transform_publisher-4]: process has died [pid 2214875, exit code -2, cmd '/home/robot/pudu_robot_ws/external/arena4_ws/install/tf2_ros/lib/tf2_ros/static_transform_publisher 0 0 0 0 0 0 odom base_link --ros-args -r __node:=benchmark_odom_to_base_link --params-file /tmp/launch_params_qm20e3pr'].
[map_server-1] [INFO] [1787290967.154280733] [rclcpp]: signal_handler(SIGINT/SIGTERM)
[map_server-1] [INFO] [1787290967.154418174] [map_server]: Running Nav2 LifecycleNode rcl preshutdown (map_server)
[map_server-1] [INFO] [1787290967.154500192] [map_server]: Deactivating
[map_server-1] [INFO] [1787290967.154509789] [map_server]: Destroying bond (map_server) to lifecycle manager.
[ERROR] [static_transform_publisher-3]: process has died [pid 2214873, exit code -2, cmd '/home/robot/pudu_robot_ws/external/arena4_ws/install/tf2_ros/lib/tf2_ros/static_transform_publisher 0 0 0 0 0 0 map odom --ros-args -r __node:=benchmark_map_to_odom --params-file /tmp/launch_params_5jcqxaj3'].
[planner_server-2] [INFO] [1787290967.154284415] [rclcpp]: signal_handler(SIGINT/SIGTERM)
[planner_server-2] [INFO] [1787290967.154422205] [planner_server]: Running Nav2 LifecycleNode rcl preshutdown (planner_server)
[planner_server-2] [INFO] [1787290967.154506837] [planner_server]: Deactivating
[planner_server-2] [INFO] [1787290967.154556426] [global_costmap.global_costmap]: Deactivating
[lifecycle_manager-5] [INFO] [1787290967.154282076] [rclcpp]: signal_handler(SIGINT/SIGTERM)
[lifecycle_manager-5] [INFO] [1787290967.154435001] [lifecycle_manager_planner]: Running Nav2 LifecycleManager rcl preshutdown (lifecycle_manager_planner)
[static_transform_publisher-4] [INFO] [1787290967.154287903] [rclcpp]: signal_handler(SIGINT/SIGTERM)
[static_transform_publisher-3] [INFO] [1787290967.154321951] [rclcpp]: signal_handler(SIGINT/SIGTERM)
[lifecycle_manager-5] [INFO] [1787290967.156475973] [lifecycle_manager_planner]: Destroying lifecycle_manager_planner
[map_server-1] [INFO] [1787290967.164973792] [map_server]: Cleaning up
[map_server-1] [INFO] [1787290967.165119731] [map_server]: Destroying bond (map_server) to lifecycle manager.
[map_server-1] [INFO] [1787290967.165761915] [rclcpp]: signal_handler(SIGINT/SIGTERM)
[map_server-1] [INFO] [1787290967.166424609] [map_server]: Destroying
[INFO] [map_server-1]: process has finished cleanly [pid 2214869]
[planner_server-2] [INFO] [1787290967.664198254] [planner_server]: Deactivating plugin GridBased of type NavfnPlanner
[planner_server-2] [INFO] [1787290967.664262092] [planner_server]: Destroying bond (planner_server) to lifecycle manager.
[planner_server-2] [INFO] [1787290967.675040431] [planner_server]: Cleaning up
[planner_server-2] [INFO] [1787290967.678580172] [global_costmap.global_costmap]: Cleaning up
[planner_server-2] [INFO] [1787290967.680301285] [planner_server]: Cleaning up plugin GridBased of type NavfnPlanner
[planner_server-2] [INFO] [1787290967.680364721] [planner_server]: Destroying plugin GridBased of type NavfnPlanner
[planner_server-2] [INFO] [1787290967.682097842] [planner_server]: Destroying bond (planner_server) to lifecycle manager.
[planner_server-2] [INFO] [1787290967.682540845] [rclcpp]: signal_handler(SIGINT/SIGTERM)
[planner_server-2] [INFO] [1787290967.683042685] [global_costmap.global_costmap]: Destroying
[planner_server-2] [INFO] [1787290967.684560680] [planner_server]: Destroying
[INFO] [planner_server-2]: process has finished cleanly [pid 2214871]
