[INFO] [launch]: All log files can be found below /home/robot/.ros/log/2026-08-21-13-42-23-289808-robot-2214346
[INFO] [launch]: Default logging verbosity is set to INFO
[INFO] [map_server-1]: process started with pid [2214347]
[INFO] [planner_server-2]: process started with pid [2214349]
[INFO] [static_transform_publisher-3]: process started with pid [2214351]
[INFO] [static_transform_publisher-4]: process started with pid [2214353]
[INFO] [lifecycle_manager-5]: process started with pid [2214355]
[static_transform_publisher-4] [WARN] [1787290943.357829826] []: Old-style arguments are deprecated; see --help for new-style arguments
[static_transform_publisher-3] [WARN] [1787290943.359927910] []: Old-style arguments are deprecated; see --help for new-style arguments
[static_transform_publisher-4] [INFO] [1787290943.371642576] [benchmark_odom_to_base_link]: Spinning until stopped - publishing transform
[static_transform_publisher-4] translation: ('0.000000', '0.000000', '0.000000')
[static_transform_publisher-4] rotation: ('0.000000', '0.000000', '0.000000', '1.000000')
[static_transform_publisher-4] from 'odom' to 'base_link'
[static_transform_publisher-3] [INFO] [1787290943.379895308] [benchmark_map_to_odom]: Spinning until stopped - publishing transform
[static_transform_publisher-3] translation: ('0.000000', '0.000000', '0.000000')
[static_transform_publisher-3] rotation: ('0.000000', '0.000000', '0.000000', '1.000000')
[static_transform_publisher-3] from 'map' to 'odom'
[lifecycle_manager-5] [INFO] [1787290943.384410549] [lifecycle_manager_planner]: Creating
[lifecycle_manager-5] [INFO] [1787290943.387385885] [lifecycle_manager_planner]: [34m[1mCreating and initializing lifecycle service clients[0m[0m
[planner_server-2] [INFO] [1787290943.387715511] [planner_server]: 
[planner_server-2] 	planner_server lifecycle node launched. 
[planner_server-2] 	Waiting on external lifecycle transitions to activate
[planner_server-2] 	See https://design.ros2.org/articles/node_lifecycle.html for more information.
[lifecycle_manager-5] [INFO] [1787290943.390104011] [lifecycle_manager_planner]: [34m[1mStarting managed nodes bringup...[0m[0m
[lifecycle_manager-5] [INFO] [1787290943.390145704] [lifecycle_manager_planner]: [34m[1mConfiguring map_server[0m[0m
[map_server-1] [INFO] [1787290943.390307729] [map_server]: 
[map_server-1] 	map_server lifecycle node launched. 
[map_server-1] 	Waiting on external lifecycle transitions to activate
[map_server-1] 	See https://design.ros2.org/articles/node_lifecycle.html for more information.
[map_server-1] [INFO] [1787290943.390411734] [map_server]: Creating
[planner_server-2] [INFO] [1787290943.403299113] [planner_server]: Creating
[planner_server-2] [INFO] [1787290943.410374891] [global_costmap.global_costmap]: 
[planner_server-2] 	global_costmap lifecycle node launched. 
[planner_server-2] 	Waiting on external lifecycle transitions to activate
[planner_server-2] 	See https://design.ros2.org/articles/node_lifecycle.html for more information.
[planner_server-2] [INFO] [1787290943.412904938] [global_costmap.global_costmap]: Creating Costmap
[map_server-1] [INFO] [1787290943.529331232] [map_server]: Configuring
[map_server-1] [INFO] [1787290943.529439726] [map_io]: Loading yaml file: /home/robot/pudu_robot_ws/experiments/maps/hospital_005/map.yaml
[map_server-1] [INFO] [1787290943.529620925] [map_io]: resolution: 0.05
[map_server-1] [INFO] [1787290943.529625721] [map_io]: origin[0]: -40
[map_server-1] [INFO] [1787290943.529628279] [map_io]: origin[1]: -40
[map_server-1] [INFO] [1787290943.529630578] [map_io]: origin[2]: 0
[map_server-1] [INFO] [1787290943.529633050] [map_io]: free_thresh: 0.196
[map_server-1] [INFO] [1787290943.529635407] [map_io]: occupied_thresh: 0.65
[map_server-1] [INFO] [1787290943.529638032] [map_io]: mode: trinary
[map_server-1] [INFO] [1787290943.529641005] [map_io]: negate: 0
[map_server-1] [INFO] [1787290943.529761895] [map_io]: Loading image_file: /home/robot/pudu_robot_ws/experiments/maps/hospital_005/map.pgm
[map_server-1] [INFO] [1787290943.653261803] [map_io]: Read map /home/robot/pudu_robot_ws/experiments/maps/hospital_005/map.pgm: 1600 X 1600 map @ 0.05 m/cell
[lifecycle_manager-5] [INFO] [1787290943.659613334] [lifecycle_manager_planner]: [34m[1mConfiguring planner_server[0m[0m
[planner_server-2] [INFO] [1787290943.660062096] [planner_server]: Configuring
[planner_server-2] [INFO] [1787290943.660105344] [global_costmap.global_costmap]: Configuring
[planner_server-2] [INFO] [1787290943.666381491] [global_costmap.global_costmap]: Using plugin "static_layer"
[planner_server-2] [INFO] [1787290943.670275514] [global_costmap.global_costmap]: Subscribing to the map topic (/map) with transient local durability
[planner_server-2] [INFO] [1787290943.671190826] [global_costmap.global_costmap]: Initialized plugin "static_layer"
[planner_server-2] [INFO] [1787290943.671209068] [global_costmap.global_costmap]: Using plugin "inflation_layer"
[planner_server-2] [INFO] [1787290943.671608467] [global_costmap.global_costmap]: Initialized plugin "inflation_layer"
[planner_server-2] [INFO] [1787290943.676716802] [planner_server]: Created global planner plugin GridBased of type nav2_navfn_planner/NavfnPlanner
[planner_server-2] [INFO] [1787290943.676748364] [planner_server]: Configuring plugin GridBased of type NavfnPlanner
[planner_server-2] [INFO] [1787290943.678413753] [planner_server]: Planner Server has GridBased  planners available.
[lifecycle_manager-5] [INFO] [1787290943.682097519] [lifecycle_manager_planner]: [34m[1mActivating map_server[0m[0m
[map_server-1] [INFO] [1787290943.682341197] [map_server]: Activating
[map_server-1] [INFO] [1787290943.684908486] [map_server]: Creating bond (map_server) to lifecycle manager.
[lifecycle_manager-5] [INFO] [1787290943.688615276] [lifecycle_manager_planner]: [34m[1mActivating planner_server[0m[0m
[planner_server-2] [INFO] [1787290943.688934350] [planner_server]: Activating
[planner_server-2] [INFO] [1787290943.688970724] [global_costmap.global_costmap]: Activating
[planner_server-2] [INFO] [1787290943.688978494] [global_costmap.global_costmap]: Checking transform
[planner_server-2] [INFO] [1787290943.689135846] [global_costmap.global_costmap]: start
[planner_server-2] [INFO] [1787290943.698013734] [global_costmap.global_costmap]: StaticLayer: Resizing costmap to 1600 X 1600 at 0.050000 m/pix
[planner_server-2] [INFO] [1787290943.739345022] [planner_server]: Activating plugin GridBased of type NavfnPlanner
[planner_server-2] [INFO] [1787290943.739918021] [planner_server]: Creating bond (planner_server) to lifecycle manager.
[lifecycle_manager-5] [INFO] [1787290943.742543045] [lifecycle_manager_planner]: [34m[1mManaged nodes are active[0m[0m
[WARNING] [launch]: user interrupted with ctrl-c (SIGINT)
[INFO] [lifecycle_manager-5]: sending signal 'SIGINT' to process[lifecycle_manager-5]
[INFO] [static_transform_publisher-4]: sending signal 'SIGINT' to process[static_transform_publisher-4]
[INFO] [static_transform_publisher-3]: sending signal 'SIGINT' to process[static_transform_publisher-3]
[INFO] [planner_server-2]: sending signal 'SIGINT' to process[planner_server-2]
[INFO] [map_server-1]: sending signal 'SIGINT' to process[map_server-1]
[ERROR] [lifecycle_manager-5]: process has died [pid 2214355, exit code -2, cmd '/home/robot/pudu_robot_ws/external/arena4_ws/install/nav2_lifecycle_manager/lib/nav2_lifecycle_manager/lifecycle_manager --ros-args -r __node:=lifecycle_manager_planner --params-file /home/robot/pudu_robot_ws/experiments/planner_benchmark/hospital_005/stage5_navfn_product/logs/stack_params_navfn_product.yaml --params-file /tmp/launch_params_87apvn_8'].
[ERROR] [static_transform_publisher-4]: process has died [pid 2214353, exit code -2, cmd '/home/robot/pudu_robot_ws/external/arena4_ws/install/tf2_ros/lib/tf2_ros/static_transform_publisher 0 0 0 0 0 0 odom base_link --ros-args -r __node:=benchmark_odom_to_base_link --params-file /tmp/launch_params_yk_3djli'].
[lifecycle_manager-5] [INFO] [1787290947.175698105] [rclcpp]: signal_handler(SIGINT/SIGTERM)
[lifecycle_manager-5] [INFO] [1787290947.175854918] [lifecycle_manager_planner]: Running Nav2 LifecycleManager rcl preshutdown (lifecycle_manager_planner)
[ERROR] [static_transform_publisher-3]: process has died [pid 2214351, exit code -2, cmd '/home/robot/pudu_robot_ws/external/arena4_ws/install/tf2_ros/lib/tf2_ros/static_transform_publisher 0 0 0 0 0 0 map odom --ros-args -r __node:=benchmark_map_to_odom --params-file /tmp/launch_params_b5tw5q2e'].
[static_transform_publisher-4] [INFO] [1787290947.175698049] [rclcpp]: signal_handler(SIGINT/SIGTERM)
[planner_server-2] [INFO] [1787290947.175713317] [rclcpp]: signal_handler(SIGINT/SIGTERM)
[planner_server-2] [INFO] [1787290947.175846967] [planner_server]: Running Nav2 LifecycleNode rcl preshutdown (planner_server)
[planner_server-2] [INFO] [1787290947.175921328] [planner_server]: Deactivating
[planner_server-2] [INFO] [1787290947.175945971] [global_costmap.global_costmap]: Deactivating
[map_server-1] [INFO] [1787290947.175724737] [rclcpp]: signal_handler(SIGINT/SIGTERM)
[map_server-1] [INFO] [1787290947.175851268] [map_server]: Running Nav2 LifecycleNode rcl preshutdown (map_server)
[map_server-1] [INFO] [1787290947.175926907] [map_server]: Deactivating
[map_server-1] [INFO] [1787290947.175940312] [map_server]: Destroying bond (map_server) to lifecycle manager.
[static_transform_publisher-3] [INFO] [1787290947.175737649] [rclcpp]: signal_handler(SIGINT/SIGTERM)
[lifecycle_manager-5] [INFO] [1787290947.177294817] [lifecycle_manager_planner]: Destroying lifecycle_manager_planner
[map_server-1] [INFO] [1787290947.186556186] [map_server]: Cleaning up
[map_server-1] [INFO] [1787290947.186677802] [map_server]: Destroying bond (map_server) to lifecycle manager.
[map_server-1] [INFO] [1787290947.187155257] [rclcpp]: signal_handler(SIGINT/SIGTERM)
[map_server-1] [INFO] [1787290947.188424887] [map_server]: Destroying
[INFO] [map_server-1]: process has finished cleanly [pid 2214347]
[planner_server-2] [INFO] [1787290947.689336373] [planner_server]: Deactivating plugin GridBased of type NavfnPlanner
[planner_server-2] [INFO] [1787290947.689391532] [planner_server]: Destroying bond (planner_server) to lifecycle manager.
[planner_server-2] [INFO] [1787290947.699957550] [planner_server]: Cleaning up
[planner_server-2] [INFO] [1787290947.702346160] [global_costmap.global_costmap]: Cleaning up
[planner_server-2] [INFO] [1787290947.703663226] [planner_server]: Cleaning up plugin GridBased of type NavfnPlanner
[planner_server-2] [INFO] [1787290947.703725238] [planner_server]: Destroying plugin GridBased of type NavfnPlanner
[planner_server-2] [INFO] [1787290947.705732708] [planner_server]: Destroying bond (planner_server) to lifecycle manager.
[planner_server-2] [INFO] [1787290947.706215662] [rclcpp]: signal_handler(SIGINT/SIGTERM)
[planner_server-2] [INFO] [1787290947.706894241] [global_costmap.global_costmap]: Destroying
[planner_server-2] [INFO] [1787290947.709795369] [planner_server]: Destroying
[INFO] [planner_server-2]: process has finished cleanly [pid 2214349]
