[INFO] [launch]: All log files can be found below /home/robot/.ros/log/2026-08-21-13-47-09-370931-robot-2218926
[INFO] [launch]: Default logging verbosity is set to INFO
[INFO] [map_server-1]: process started with pid [2218927]
[INFO] [planner_server-2]: process started with pid [2218929]
[INFO] [static_transform_publisher-3]: process started with pid [2218931]
[INFO] [static_transform_publisher-4]: process started with pid [2218933]
[INFO] [lifecycle_manager-5]: process started with pid [2218935]
[static_transform_publisher-4] [WARN] [1787291229.435326234] []: Old-style arguments are deprecated; see --help for new-style arguments
[static_transform_publisher-3] [WARN] [1787291229.439957892] []: Old-style arguments are deprecated; see --help for new-style arguments
[static_transform_publisher-4] [INFO] [1787291229.449356104] [benchmark_odom_to_base_link]: Spinning until stopped - publishing transform
[static_transform_publisher-4] translation: ('0.000000', '0.000000', '0.000000')
[static_transform_publisher-4] rotation: ('0.000000', '0.000000', '0.000000', '1.000000')
[static_transform_publisher-4] from 'odom' to 'base_link'
[planner_server-2] [INFO] [1787291229.453479361] [planner_server]: 
[planner_server-2] 	planner_server lifecycle node launched. 
[planner_server-2] 	Waiting on external lifecycle transitions to activate
[planner_server-2] 	See https://design.ros2.org/articles/node_lifecycle.html for more information.
[static_transform_publisher-3] [INFO] [1787291229.459339778] [benchmark_map_to_odom]: Spinning until stopped - publishing transform
[static_transform_publisher-3] translation: ('0.000000', '0.000000', '0.000000')
[static_transform_publisher-3] rotation: ('0.000000', '0.000000', '0.000000', '1.000000')
[static_transform_publisher-3] from 'map' to 'odom'
[map_server-1] [INFO] [1787291229.461027986] [map_server]: 
[map_server-1] 	map_server lifecycle node launched. 
[map_server-1] 	Waiting on external lifecycle transitions to activate
[map_server-1] 	See https://design.ros2.org/articles/node_lifecycle.html for more information.
[map_server-1] [INFO] [1787291229.461152864] [map_server]: Creating
[planner_server-2] [INFO] [1787291229.461866347] [planner_server]: Creating
[lifecycle_manager-5] [INFO] [1787291229.463575048] [lifecycle_manager_planner]: Creating
[planner_server-2] [INFO] [1787291229.465477548] [global_costmap.global_costmap]: 
[planner_server-2] 	global_costmap lifecycle node launched. 
[planner_server-2] 	Waiting on external lifecycle transitions to activate
[planner_server-2] 	See https://design.ros2.org/articles/node_lifecycle.html for more information.
[lifecycle_manager-5] [INFO] [1787291229.466758712] [lifecycle_manager_planner]: [34m[1mCreating and initializing lifecycle service clients[0m[0m
[planner_server-2] [INFO] [1787291229.467493179] [global_costmap.global_costmap]: Creating Costmap
[lifecycle_manager-5] [INFO] [1787291229.469225973] [lifecycle_manager_planner]: [34m[1mStarting managed nodes bringup...[0m[0m
[lifecycle_manager-5] [INFO] [1787291229.469263921] [lifecycle_manager_planner]: [34m[1mConfiguring map_server[0m[0m
[map_server-1] [INFO] [1787291229.469883998] [map_server]: Configuring
[map_server-1] [INFO] [1787291229.469971071] [map_io]: Loading yaml file: /home/robot/pudu_robot_ws/experiments/maps/hospital_005/map.yaml
[map_server-1] [INFO] [1787291229.470240086] [map_io]: resolution: 0.05
[map_server-1] [INFO] [1787291229.470252599] [map_io]: origin[0]: -40
[map_server-1] [INFO] [1787291229.470260347] [map_io]: origin[1]: -40
[map_server-1] [INFO] [1787291229.470267419] [map_io]: origin[2]: 0
[map_server-1] [INFO] [1787291229.470274478] [map_io]: free_thresh: 0.196
[map_server-1] [INFO] [1787291229.470281607] [map_io]: occupied_thresh: 0.65
[map_server-1] [INFO] [1787291229.470288915] [map_io]: mode: trinary
[map_server-1] [INFO] [1787291229.470296971] [map_io]: negate: 0
[map_server-1] [INFO] [1787291229.470474986] [map_io]: Loading image_file: /home/robot/pudu_robot_ws/experiments/maps/hospital_005/map.pgm
[map_server-1] [INFO] [1787291229.600911140] [map_io]: Read map /home/robot/pudu_robot_ws/experiments/maps/hospital_005/map.pgm: 1600 X 1600 map @ 0.05 m/cell
[lifecycle_manager-5] [INFO] [1787291229.607444886] [lifecycle_manager_planner]: [34m[1mConfiguring planner_server[0m[0m
[planner_server-2] [INFO] [1787291229.607977668] [planner_server]: Configuring
[planner_server-2] [INFO] [1787291229.608018221] [global_costmap.global_costmap]: Configuring
[planner_server-2] [INFO] [1787291229.614400671] [global_costmap.global_costmap]: Using plugin "static_layer"
[planner_server-2] [INFO] [1787291229.618184736] [global_costmap.global_costmap]: Subscribing to the map topic (/map) with transient local durability
[planner_server-2] [INFO] [1787291229.619032382] [global_costmap.global_costmap]: Initialized plugin "static_layer"
[planner_server-2] [INFO] [1787291229.619050472] [global_costmap.global_costmap]: Using plugin "inflation_layer"
[planner_server-2] [INFO] [1787291229.619440313] [global_costmap.global_costmap]: Initialized plugin "inflation_layer"
[planner_server-2] [INFO] [1787291229.626947539] [planner_server]: Created global planner plugin GridBased of type nav2_smac_planner/SmacPlannerHybrid
[planner_server-2] [INFO] [1787291229.626982191] [planner_server]: Configuring GridBased of type SmacPlannerHybrid
[planner_server-2] [INFO] [1787291229.627444352] [planner_server]: Even sized heuristic lookup table size set 400.000000, increasing size by 1 to make odd
[planner_server-2] [INFO] [1787291236.339628933] [planner_server]: Configured plugin GridBased of type SmacPlannerHybrid with maximum iterations 1000000, max on approach iterations 1000, and not allowing unknown traversal. Tolerance 0.25.Using motion model: Reeds-Shepp.
[planner_server-2] [INFO] [1787291236.339672820] [planner_server]: Planner Server has GridBased  planners available.
[lifecycle_manager-5] [INFO] [1787291236.343016357] [lifecycle_manager_planner]: [34m[1mActivating map_server[0m[0m
[map_server-1] [INFO] [1787291236.343217887] [map_server]: Activating
[map_server-1] [INFO] [1787291236.344704535] [map_server]: Creating bond (map_server) to lifecycle manager.
[lifecycle_manager-5] [INFO] [1787291236.347026671] [lifecycle_manager_planner]: [34m[1mActivating planner_server[0m[0m
[planner_server-2] [INFO] [1787291236.347275790] [planner_server]: Activating
[planner_server-2] [INFO] [1787291236.347308262] [global_costmap.global_costmap]: Activating
[planner_server-2] [INFO] [1787291236.347316432] [global_costmap.global_costmap]: Checking transform
[planner_server-2] [INFO] [1787291236.347466102] [global_costmap.global_costmap]: start
[planner_server-2] [INFO] [1787291236.357120030] [global_costmap.global_costmap]: StaticLayer: Resizing costmap to 1600 X 1600 at 0.050000 m/pix
[planner_server-2] [INFO] [1787291236.397657746] [planner_server]: Activating plugin GridBased of type SmacPlannerHybrid
[planner_server-2] [INFO] [1787291236.398233509] [planner_server]: Creating bond (planner_server) to lifecycle manager.
[lifecycle_manager-5] [INFO] [1787291236.400753335] [lifecycle_manager_planner]: [34m[1mManaged nodes are active[0m[0m
[WARNING] [launch]: user interrupted with ctrl-c (SIGINT)
[static_transform_publisher-4] [INFO] [1787291238.084368894] [rclcpp]: signal_handler(SIGINT/SIGTERM)
[INFO] [lifecycle_manager-5]: sending signal 'SIGINT' to process[lifecycle_manager-5]
[INFO] [static_transform_publisher-4]: sending signal 'SIGINT' to process[static_transform_publisher-4]
[INFO] [static_transform_publisher-3]: sending signal 'SIGINT' to process[static_transform_publisher-3]
[INFO] [planner_server-2]: sending signal 'SIGINT' to process[planner_server-2]
[INFO] [map_server-1]: sending signal 'SIGINT' to process[map_server-1]
[static_transform_publisher-3] [INFO] [1787291238.084416329] [rclcpp]: signal_handler(SIGINT/SIGTERM)
[lifecycle_manager-5] [INFO] [1787291238.084444926] [rclcpp]: signal_handler(SIGINT/SIGTERM)
[lifecycle_manager-5] [INFO] [1787291238.084591315] [lifecycle_manager_planner]: Running Nav2 LifecycleManager rcl preshutdown (lifecycle_manager_planner)
[map_server-1] [INFO] [1787291238.084473657] [rclcpp]: signal_handler(SIGINT/SIGTERM)
[map_server-1] [INFO] [1787291238.084579315] [map_server]: Running Nav2 LifecycleNode rcl preshutdown (map_server)
[map_server-1] [INFO] [1787291238.084654835] [map_server]: Deactivating
[map_server-1] [INFO] [1787291238.084664721] [map_server]: Destroying bond (map_server) to lifecycle manager.
[planner_server-2] [INFO] [1787291238.084506640] [rclcpp]: signal_handler(SIGINT/SIGTERM)
[planner_server-2] [INFO] [1787291238.084584047] [planner_server]: Running Nav2 LifecycleNode rcl preshutdown (planner_server)
[planner_server-2] [INFO] [1787291238.084654645] [planner_server]: Deactivating
[planner_server-2] [INFO] [1787291238.084678070] [global_costmap.global_costmap]: Deactivating
[ERROR] [lifecycle_manager-5]: process has died [pid 2218935, exit code -2, cmd '/home/robot/pudu_robot_ws/external/arena4_ws/install/nav2_lifecycle_manager/lib/nav2_lifecycle_manager/lifecycle_manager --ros-args -r __node:=lifecycle_manager_planner --params-file /home/robot/pudu_robot_ws/experiments/planner_benchmark/hospital_005/stage5_smac_normalized/logs/stack_params_smac_hybrid_normalized.yaml --params-file /tmp/launch_params_t8p2m1tc'].
[ERROR] [static_transform_publisher-3]: process has died [pid 2218931, exit code -2, cmd '/home/robot/pudu_robot_ws/external/arena4_ws/install/tf2_ros/lib/tf2_ros/static_transform_publisher 0 0 0 0 0 0 map odom --ros-args -r __node:=benchmark_map_to_odom --params-file /tmp/launch_params_ppu0nrkt'].
[ERROR] [static_transform_publisher-4]: process has died [pid 2218933, exit code -2, cmd '/home/robot/pudu_robot_ws/external/arena4_ws/install/tf2_ros/lib/tf2_ros/static_transform_publisher 0 0 0 0 0 0 odom base_link --ros-args -r __node:=benchmark_odom_to_base_link --params-file /tmp/launch_params_xp8iogg4'].
[lifecycle_manager-5] [INFO] [1787291238.086646426] [lifecycle_manager_planner]: Destroying lifecycle_manager_planner
[map_server-1] [INFO] [1787291238.095262393] [map_server]: Cleaning up
[map_server-1] [INFO] [1787291238.095372928] [map_server]: Destroying bond (map_server) to lifecycle manager.
[map_server-1] [INFO] [1787291238.095866819] [rclcpp]: signal_handler(SIGINT/SIGTERM)
[map_server-1] [INFO] [1787291238.096683809] [map_server]: Destroying
[INFO] [map_server-1]: process has finished cleanly [pid 2218927]
[planner_server-2] [INFO] [1787291238.347682528] [planner_server]: Deactivating plugin GridBased of type SmacPlannerHybrid
[planner_server-2] [INFO] [1787291238.347729585] [planner_server]: Destroying bond (planner_server) to lifecycle manager.
[planner_server-2] [INFO] [1787291238.358246176] [planner_server]: Cleaning up
[planner_server-2] [INFO] [1787291238.360721631] [global_costmap.global_costmap]: Cleaning up
[planner_server-2] [INFO] [1787291238.362429339] [planner_server]: Cleaning up plugin GridBased of type SmacPlannerHybrid
[planner_server-2] [INFO] [1787291238.362575034] [planner_server]: Destroying plugin GridBased of type SmacPlannerHybrid
[planner_server-2] [INFO] [1787291238.363969340] [planner_server]: Destroying bond (planner_server) to lifecycle manager.
[planner_server-2] [INFO] [1787291238.364529212] [rclcpp]: signal_handler(SIGINT/SIGTERM)
[planner_server-2] [INFO] [1787291238.365106886] [global_costmap.global_costmap]: Destroying
[planner_server-2] [INFO] [1787291238.366921455] [planner_server]: Destroying
[INFO] [planner_server-2]: process has finished cleanly [pid 2218929]
