[INFO] [launch]: All log files can be found below /home/robot/.ros/log/2026-08-21-13-46-36-630847-robot-2218534
[INFO] [launch]: Default logging verbosity is set to INFO
[INFO] [map_server-1]: process started with pid [2218543]
[INFO] [planner_server-2]: process started with pid [2218545]
[INFO] [static_transform_publisher-3]: process started with pid [2218547]
[INFO] [static_transform_publisher-4]: process started with pid [2218549]
[INFO] [lifecycle_manager-5]: process started with pid [2218551]
[static_transform_publisher-3] [WARN] [1787291196.699683761] []: Old-style arguments are deprecated; see --help for new-style arguments
[static_transform_publisher-4] [WARN] [1787291196.699707395] []: Old-style arguments are deprecated; see --help for new-style arguments
[lifecycle_manager-5] [INFO] [1787291196.710485585] [lifecycle_manager_planner]: Creating
[lifecycle_manager-5] [INFO] [1787291196.712470746] [lifecycle_manager_planner]: [34m[1mCreating and initializing lifecycle service clients[0m[0m
[planner_server-2] [INFO] [1787291196.715362263] [planner_server]: 
[planner_server-2] 	planner_server lifecycle node launched. 
[planner_server-2] 	Waiting on external lifecycle transitions to activate
[planner_server-2] 	See https://design.ros2.org/articles/node_lifecycle.html for more information.
[static_transform_publisher-4] [INFO] [1787291196.717194889] [benchmark_odom_to_base_link]: Spinning until stopped - publishing transform
[static_transform_publisher-4] translation: ('0.000000', '0.000000', '0.000000')
[static_transform_publisher-4] rotation: ('0.000000', '0.000000', '0.000000', '1.000000')
[static_transform_publisher-4] from 'odom' to 'base_link'
[static_transform_publisher-3] [INFO] [1787291196.722255905] [benchmark_map_to_odom]: Spinning until stopped - publishing transform
[static_transform_publisher-3] translation: ('0.000000', '0.000000', '0.000000')
[static_transform_publisher-3] rotation: ('0.000000', '0.000000', '0.000000', '1.000000')
[static_transform_publisher-3] from 'map' to 'odom'
[planner_server-2] [INFO] [1787291196.723826190] [planner_server]: Creating
[lifecycle_manager-5] [INFO] [1787291196.727323187] [lifecycle_manager_planner]: [34m[1mStarting managed nodes bringup...[0m[0m
[lifecycle_manager-5] [INFO] [1787291196.727371323] [lifecycle_manager_planner]: [34m[1mConfiguring map_server[0m[0m
[map_server-1] [INFO] [1787291196.727516184] [map_server]: 
[map_server-1] 	map_server lifecycle node launched. 
[map_server-1] 	Waiting on external lifecycle transitions to activate
[map_server-1] 	See https://design.ros2.org/articles/node_lifecycle.html for more information.
[map_server-1] [INFO] [1787291196.727645568] [map_server]: Creating
[planner_server-2] [INFO] [1787291196.727811646] [global_costmap.global_costmap]: 
[planner_server-2] 	global_costmap lifecycle node launched. 
[planner_server-2] 	Waiting on external lifecycle transitions to activate
[planner_server-2] 	See https://design.ros2.org/articles/node_lifecycle.html for more information.
[map_server-1] [INFO] [1787291196.728559924] [map_server]: Configuring
[map_server-1] [INFO] [1787291196.728612538] [map_io]: Loading yaml file: /home/robot/pudu_robot_ws/experiments/maps/hospital_005/map.yaml
[map_server-1] [INFO] [1787291196.728768421] [map_io]: resolution: 0.05
[map_server-1] [INFO] [1787291196.728773220] [map_io]: origin[0]: -40
[map_server-1] [INFO] [1787291196.728775974] [map_io]: origin[1]: -40
[map_server-1] [INFO] [1787291196.728778419] [map_io]: origin[2]: 0
[map_server-1] [INFO] [1787291196.728781201] [map_io]: free_thresh: 0.196
[map_server-1] [INFO] [1787291196.728783681] [map_io]: occupied_thresh: 0.65
[map_server-1] [INFO] [1787291196.728786422] [map_io]: mode: trinary
[map_server-1] [INFO] [1787291196.728789213] [map_io]: negate: 0
[map_server-1] [INFO] [1787291196.728904274] [map_io]: Loading image_file: /home/robot/pudu_robot_ws/experiments/maps/hospital_005/map.pgm
[planner_server-2] [INFO] [1787291196.729867559] [global_costmap.global_costmap]: Creating Costmap
[map_server-1] [INFO] [1787291196.851742360] [map_io]: Read map /home/robot/pudu_robot_ws/experiments/maps/hospital_005/map.pgm: 1600 X 1600 map @ 0.05 m/cell
[lifecycle_manager-5] [INFO] [1787291196.857712297] [lifecycle_manager_planner]: [34m[1mConfiguring planner_server[0m[0m
[planner_server-2] [INFO] [1787291196.858173121] [planner_server]: Configuring
[planner_server-2] [INFO] [1787291196.858208223] [global_costmap.global_costmap]: Configuring
[planner_server-2] [INFO] [1787291196.863842895] [global_costmap.global_costmap]: Using plugin "static_layer"
[planner_server-2] [INFO] [1787291196.867546028] [global_costmap.global_costmap]: Subscribing to the map topic (/map) with transient local durability
[planner_server-2] [INFO] [1787291196.868368598] [global_costmap.global_costmap]: Initialized plugin "static_layer"
[planner_server-2] [INFO] [1787291196.868386381] [global_costmap.global_costmap]: Using plugin "inflation_layer"
[planner_server-2] [INFO] [1787291196.868805722] [global_costmap.global_costmap]: Initialized plugin "inflation_layer"
[planner_server-2] [INFO] [1787291196.875892077] [planner_server]: Created global planner plugin GridBased of type nav2_smac_planner/SmacPlannerHybrid
[planner_server-2] [INFO] [1787291196.875926852] [planner_server]: Configuring GridBased of type SmacPlannerHybrid
[planner_server-2] [INFO] [1787291196.876388898] [planner_server]: Even sized heuristic lookup table size set 400.000000, increasing size by 1 to make odd
[planner_server-2] [INFO] [1787291203.906725549] [planner_server]: Configured plugin GridBased of type SmacPlannerHybrid with maximum iterations 1000000, max on approach iterations 1000, and not allowing unknown traversal. Tolerance 0.25.Using motion model: Reeds-Shepp.
[planner_server-2] [INFO] [1787291203.906770110] [planner_server]: Planner Server has GridBased  planners available.
[lifecycle_manager-5] [INFO] [1787291203.910061741] [lifecycle_manager_planner]: [34m[1mActivating map_server[0m[0m
[map_server-1] [INFO] [1787291203.910350466] [map_server]: Activating
[map_server-1] [INFO] [1787291203.911913459] [map_server]: Creating bond (map_server) to lifecycle manager.
[lifecycle_manager-5] [INFO] [1787291203.914284584] [lifecycle_manager_planner]: [34m[1mActivating planner_server[0m[0m
[planner_server-2] [INFO] [1787291203.914500395] [planner_server]: Activating
[planner_server-2] [INFO] [1787291203.914532040] [global_costmap.global_costmap]: Activating
[planner_server-2] [INFO] [1787291203.914540282] [global_costmap.global_costmap]: Checking transform
[planner_server-2] [INFO] [1787291203.914676795] [global_costmap.global_costmap]: start
[planner_server-2] [INFO] [1787291203.924573296] [global_costmap.global_costmap]: StaticLayer: Resizing costmap to 1600 X 1600 at 0.050000 m/pix
[planner_server-2] [INFO] [1787291203.964862943] [planner_server]: Activating plugin GridBased of type SmacPlannerHybrid
[planner_server-2] [INFO] [1787291203.965519839] [planner_server]: Creating bond (planner_server) to lifecycle manager.
[lifecycle_manager-5] [INFO] [1787291203.967911956] [lifecycle_manager_planner]: [34m[1mManaged nodes are active[0m[0m
[WARNING] [launch]: user interrupted with ctrl-c (SIGINT)
[static_transform_publisher-4] [INFO] [1787291206.034812321] [rclcpp]: signal_handler(SIGINT/SIGTERM)
[planner_server-2] [INFO] [1787291206.034812759] [rclcpp]: signal_handler(SIGINT/SIGTERM)
[planner_server-2] [INFO] [1787291206.034984420] [planner_server]: Running Nav2 LifecycleNode rcl preshutdown (planner_server)
[static_transform_publisher-3] [INFO] [1787291206.034812228] [rclcpp]: signal_handler(SIGINT/SIGTERM)
[INFO] [lifecycle_manager-5]: sending signal 'SIGINT' to process[lifecycle_manager-5]
[INFO] [static_transform_publisher-4]: sending signal 'SIGINT' to process[static_transform_publisher-4]
[INFO] [static_transform_publisher-3]: sending signal 'SIGINT' to process[static_transform_publisher-3]
[INFO] [planner_server-2]: sending signal 'SIGINT' to process[planner_server-2]
[INFO] [map_server-1]: sending signal 'SIGINT' to process[map_server-1]
[ERROR] [lifecycle_manager-5]: process has died [pid 2218551, exit code -2, cmd '/home/robot/pudu_robot_ws/external/arena4_ws/install/nav2_lifecycle_manager/lib/nav2_lifecycle_manager/lifecycle_manager --ros-args -r __node:=lifecycle_manager_planner --params-file /home/robot/pudu_robot_ws/experiments/planner_benchmark/hospital_005/stage5_smac_normalized/logs/stack_params_smac_hybrid_normalized.yaml --params-file /tmp/launch_params_35nf_rl1'].
[ERROR] [static_transform_publisher-4]: process has died [pid 2218549, exit code -2, cmd '/home/robot/pudu_robot_ws/external/arena4_ws/install/tf2_ros/lib/tf2_ros/static_transform_publisher 0 0 0 0 0 0 odom base_link --ros-args -r __node:=benchmark_odom_to_base_link --params-file /tmp/launch_params_nuanb0ki'].
[map_server-1] [INFO] [1787291206.034888180] [rclcpp]: signal_handler(SIGINT/SIGTERM)
[map_server-1] [INFO] [1787291206.035004094] [map_server]: Running Nav2 LifecycleNode rcl preshutdown (map_server)
[map_server-1] [INFO] [1787291206.035093843] [map_server]: Deactivating
[map_server-1] [INFO] [1787291206.035107377] [map_server]: Destroying bond (map_server) to lifecycle manager.
[ERROR] [static_transform_publisher-3]: process has died [pid 2218547, exit code -2, cmd '/home/robot/pudu_robot_ws/external/arena4_ws/install/tf2_ros/lib/tf2_ros/static_transform_publisher 0 0 0 0 0 0 map odom --ros-args -r __node:=benchmark_map_to_odom --params-file /tmp/launch_params_18yinoko'].
[lifecycle_manager-5] [INFO] [1787291206.034896449] [rclcpp]: signal_handler(SIGINT/SIGTERM)
[lifecycle_manager-5] [INFO] [1787291206.035017044] [lifecycle_manager_planner]: Running Nav2 LifecycleManager rcl preshutdown (lifecycle_manager_planner)
[planner_server-2] [INFO] [1787291206.035123647] [planner_server]: Deactivating
[planner_server-2] [INFO] [1787291206.035177242] [global_costmap.global_costmap]: Deactivating
[lifecycle_manager-5] [INFO] [1787291206.036659384] [lifecycle_manager_planner]: Destroying lifecycle_manager_planner
[map_server-1] [INFO] [1787291206.045691303] [map_server]: Cleaning up
[map_server-1] [INFO] [1787291206.045846565] [map_server]: Destroying bond (map_server) to lifecycle manager.
[map_server-1] [INFO] [1787291206.046329929] [rclcpp]: signal_handler(SIGINT/SIGTERM)
[map_server-1] [INFO] [1787291206.047095462] [map_server]: Destroying
[INFO] [map_server-1]: process has finished cleanly [pid 2218543]
[planner_server-2] [INFO] [1787291206.914935483] [planner_server]: Deactivating plugin GridBased of type SmacPlannerHybrid
[planner_server-2] [INFO] [1787291206.915000667] [planner_server]: Destroying bond (planner_server) to lifecycle manager.
[planner_server-2] [INFO] [1787291206.925626693] [planner_server]: Cleaning up
[planner_server-2] [INFO] [1787291206.928902552] [global_costmap.global_costmap]: Cleaning up
[planner_server-2] [INFO] [1787291206.931424550] [planner_server]: Cleaning up plugin GridBased of type SmacPlannerHybrid
[planner_server-2] [INFO] [1787291206.932315545] [planner_server]: Destroying plugin GridBased of type SmacPlannerHybrid
[planner_server-2] [INFO] [1787291206.933991495] [planner_server]: Destroying bond (planner_server) to lifecycle manager.
[planner_server-2] [INFO] [1787291206.934526578] [rclcpp]: signal_handler(SIGINT/SIGTERM)
[planner_server-2] [INFO] [1787291206.935192769] [global_costmap.global_costmap]: Destroying
[planner_server-2] [INFO] [1787291206.937387273] [planner_server]: Destroying
[INFO] [planner_server-2]: process has finished cleanly [pid 2218545]
