[INFO] [launch]: All log files can be found below /home/robot/.ros/log/2026-08-21-13-46-14-391678-robot-2218282
[INFO] [launch]: Default logging verbosity is set to INFO
[INFO] [map_server-1]: process started with pid [2218284]
[INFO] [planner_server-2]: process started with pid [2218286]
[INFO] [static_transform_publisher-3]: process started with pid [2218288]
[INFO] [static_transform_publisher-4]: process started with pid [2218290]
[INFO] [lifecycle_manager-5]: process started with pid [2218292]
[static_transform_publisher-3] [WARN] [1787291174.454252773] []: Old-style arguments are deprecated; see --help for new-style arguments
[static_transform_publisher-4] [WARN] [1787291174.460049503] []: Old-style arguments are deprecated; see --help for new-style arguments
[static_transform_publisher-3] [INFO] [1787291174.471174585] [benchmark_map_to_odom]: Spinning until stopped - publishing transform
[static_transform_publisher-3] translation: ('0.000000', '0.000000', '0.000000')
[static_transform_publisher-3] rotation: ('0.000000', '0.000000', '0.000000', '1.000000')
[static_transform_publisher-3] from 'map' to 'odom'
[map_server-1] [INFO] [1787291174.477861980] [map_server]: 
[map_server-1] 	map_server lifecycle node launched. 
[map_server-1] 	Waiting on external lifecycle transitions to activate
[map_server-1] 	See https://design.ros2.org/articles/node_lifecycle.html for more information.
[map_server-1] [INFO] [1787291174.477990445] [map_server]: Creating
[lifecycle_manager-5] [INFO] [1787291174.478149610] [lifecycle_manager_planner]: Creating
[lifecycle_manager-5] [INFO] [1787291174.481368582] [lifecycle_manager_planner]: [34m[1mCreating and initializing lifecycle service clients[0m[0m
[static_transform_publisher-4] [INFO] [1787291174.483204572] [benchmark_odom_to_base_link]: Spinning until stopped - publishing transform
[static_transform_publisher-4] translation: ('0.000000', '0.000000', '0.000000')
[static_transform_publisher-4] rotation: ('0.000000', '0.000000', '0.000000', '1.000000')
[static_transform_publisher-4] from 'odom' to 'base_link'
[lifecycle_manager-5] [INFO] [1787291174.488308940] [lifecycle_manager_planner]: [34m[1mStarting managed nodes bringup...[0m[0m
[lifecycle_manager-5] [INFO] [1787291174.488353534] [lifecycle_manager_planner]: [34m[1mConfiguring map_server[0m[0m
[map_server-1] [INFO] [1787291174.488788199] [map_server]: Configuring
[map_server-1] [INFO] [1787291174.488856952] [map_io]: Loading yaml file: /home/robot/pudu_robot_ws/experiments/maps/hospital_005/map.yaml
[map_server-1] [INFO] [1787291174.489027887] [map_io]: resolution: 0.05
[map_server-1] [INFO] [1787291174.489033917] [map_io]: origin[0]: -40
[map_server-1] [INFO] [1787291174.489036856] [map_io]: origin[1]: -40
[map_server-1] [INFO] [1787291174.489039370] [map_io]: origin[2]: 0
[map_server-1] [INFO] [1787291174.489041975] [map_io]: free_thresh: 0.196
[map_server-1] [INFO] [1787291174.489044459] [map_io]: occupied_thresh: 0.65
[map_server-1] [INFO] [1787291174.489047144] [map_io]: mode: trinary
[map_server-1] [INFO] [1787291174.489050124] [map_io]: negate: 0
[map_server-1] [INFO] [1787291174.489175067] [map_io]: Loading image_file: /home/robot/pudu_robot_ws/experiments/maps/hospital_005/map.pgm
[planner_server-2] [INFO] [1787291174.490103725] [planner_server]: 
[planner_server-2] 	planner_server lifecycle node launched. 
[planner_server-2] 	Waiting on external lifecycle transitions to activate
[planner_server-2] 	See https://design.ros2.org/articles/node_lifecycle.html for more information.
[planner_server-2] [INFO] [1787291174.504974359] [planner_server]: Creating
[planner_server-2] [INFO] [1787291174.511568462] [global_costmap.global_costmap]: 
[planner_server-2] 	global_costmap lifecycle node launched. 
[planner_server-2] 	Waiting on external lifecycle transitions to activate
[planner_server-2] 	See https://design.ros2.org/articles/node_lifecycle.html for more information.
[planner_server-2] [INFO] [1787291174.515073468] [global_costmap.global_costmap]: Creating Costmap
[map_server-1] [INFO] [1787291174.613223837] [map_io]: Read map /home/robot/pudu_robot_ws/experiments/maps/hospital_005/map.pgm: 1600 X 1600 map @ 0.05 m/cell
[lifecycle_manager-5] [INFO] [1787291174.619250410] [lifecycle_manager_planner]: [34m[1mConfiguring planner_server[0m[0m
[planner_server-2] [INFO] [1787291174.619862011] [planner_server]: Configuring
[planner_server-2] [INFO] [1787291174.619914788] [global_costmap.global_costmap]: Configuring
[planner_server-2] [INFO] [1787291174.625855485] [global_costmap.global_costmap]: Using plugin "static_layer"
[planner_server-2] [INFO] [1787291174.629359320] [global_costmap.global_costmap]: Subscribing to the map topic (/map) with transient local durability
[planner_server-2] [INFO] [1787291174.630130646] [global_costmap.global_costmap]: Initialized plugin "static_layer"
[planner_server-2] [INFO] [1787291174.630146589] [global_costmap.global_costmap]: Using plugin "inflation_layer"
[planner_server-2] [INFO] [1787291174.630514489] [global_costmap.global_costmap]: Initialized plugin "inflation_layer"
[planner_server-2] [INFO] [1787291174.637484482] [planner_server]: Created global planner plugin GridBased of type nav2_smac_planner/SmacPlannerHybrid
[planner_server-2] [INFO] [1787291174.637517978] [planner_server]: Configuring GridBased of type SmacPlannerHybrid
[planner_server-2] [INFO] [1787291174.637975326] [planner_server]: Even sized heuristic lookup table size set 400.000000, increasing size by 1 to make odd
[planner_server-2] [INFO] [1787291181.703436296] [planner_server]: Configured plugin GridBased of type SmacPlannerHybrid with maximum iterations 1000000, max on approach iterations 1000, and not allowing unknown traversal. Tolerance 0.25.Using motion model: Reeds-Shepp.
[planner_server-2] [INFO] [1787291181.703482148] [planner_server]: Planner Server has GridBased  planners available.
[lifecycle_manager-5] [INFO] [1787291181.707062687] [lifecycle_manager_planner]: [34m[1mActivating map_server[0m[0m
[map_server-1] [INFO] [1787291181.707312616] [map_server]: Activating
[map_server-1] [INFO] [1787291181.708962890] [map_server]: Creating bond (map_server) to lifecycle manager.
[lifecycle_manager-5] [INFO] [1787291181.711256111] [lifecycle_manager_planner]: [34m[1mActivating planner_server[0m[0m
[planner_server-2] [INFO] [1787291181.711520629] [planner_server]: Activating
[planner_server-2] [INFO] [1787291181.711552201] [global_costmap.global_costmap]: Activating
[planner_server-2] [INFO] [1787291181.711559284] [global_costmap.global_costmap]: Checking transform
[planner_server-2] [INFO] [1787291181.711709269] [global_costmap.global_costmap]: start
[planner_server-2] [INFO] [1787291181.721743111] [global_costmap.global_costmap]: StaticLayer: Resizing costmap to 1600 X 1600 at 0.050000 m/pix
[planner_server-2] [INFO] [1787291181.761898718] [planner_server]: Activating plugin GridBased of type SmacPlannerHybrid
[planner_server-2] [INFO] [1787291181.762525565] [planner_server]: Creating bond (planner_server) to lifecycle manager.
[lifecycle_manager-5] [INFO] [1787291181.764975504] [lifecycle_manager_planner]: [34m[1mManaged nodes are active[0m[0m
[planner_server-2] [WARN] [1787291183.061151793] [planner_server]: Planner loop missed its desired rate of 20.0000 Hz. Current loop rate is 10.1317 Hz
[planner_server-2] [WARN] [1787291183.263939261] [planner_server]: Planner loop missed its desired rate of 20.0000 Hz. Current loop rate is 9.7871 Hz
[planner_server-2] [WARN] [1787291183.472751342] [planner_server]: Planner loop missed its desired rate of 20.0000 Hz. Current loop rate is 9.3631 Hz
[planner_server-2] [WARN] [1787291183.674031250] [planner_server]: Planner loop missed its desired rate of 20.0000 Hz. Current loop rate is 10.0522 Hz
[planner_server-2] [WARN] [1787291183.907761205] [planner_server]: Planner loop missed its desired rate of 20.0000 Hz. Current loop rate is 7.5743 Hz
[planner_server-2] [WARN] [1787291184.106073551] [planner_server]: Planner loop missed its desired rate of 20.0000 Hz. Current loop rate is 10.1718 Hz
[planner_server-2] [WARN] [1787291184.300087257] [planner_server]: Planner loop missed its desired rate of 20.0000 Hz. Current loop rate is 10.4732 Hz
[planner_server-2] [WARN] [1787291184.499302236] [planner_server]: Planner loop missed its desired rate of 20.0000 Hz. Current loop rate is 9.7093 Hz
[planner_server-2] [WARN] [1787291184.699875416] [planner_server]: Planner loop missed its desired rate of 20.0000 Hz. Current loop rate is 10.0133 Hz
[WARNING] [launch]: user interrupted with ctrl-c (SIGINT)
[INFO] [lifecycle_manager-5]: sending signal 'SIGINT' to process[lifecycle_manager-5]
[INFO] [static_transform_publisher-4]: sending signal 'SIGINT' to process[static_transform_publisher-4]
[INFO] [static_transform_publisher-3]: sending signal 'SIGINT' to process[static_transform_publisher-3]
[INFO] [planner_server-2]: sending signal 'SIGINT' to process[planner_server-2]
[INFO] [map_server-1]: sending signal 'SIGINT' to process[map_server-1]
[static_transform_publisher-4] [INFO] [1787291184.795441560] [rclcpp]: signal_handler(SIGINT/SIGTERM)
[planner_server-2] [INFO] [1787291184.795441094] [rclcpp]: signal_handler(SIGINT/SIGTERM)
[planner_server-2] [INFO] [1787291184.795619597] [planner_server]: Running Nav2 LifecycleNode rcl preshutdown (planner_server)
[planner_server-2] [INFO] [1787291184.795731880] [planner_server]: Deactivating
[planner_server-2] [INFO] [1787291184.795784162] [global_costmap.global_costmap]: Deactivating
[lifecycle_manager-5] [INFO] [1787291184.795450166] [rclcpp]: signal_handler(SIGINT/SIGTERM)
[lifecycle_manager-5] [INFO] [1787291184.795627587] [lifecycle_manager_planner]: Running Nav2 LifecycleManager rcl preshutdown (lifecycle_manager_planner)
[map_server-1] [INFO] [1787291184.795479446] [rclcpp]: signal_handler(SIGINT/SIGTERM)
[map_server-1] [INFO] [1787291184.795654157] [map_server]: Running Nav2 LifecycleNode rcl preshutdown (map_server)
[map_server-1] [INFO] [1787291184.795756088] [map_server]: Deactivating
[map_server-1] [INFO] [1787291184.795781866] [map_server]: Destroying bond (map_server) to lifecycle manager.
[static_transform_publisher-3] [INFO] [1787291184.795543721] [rclcpp]: signal_handler(SIGINT/SIGTERM)
[lifecycle_manager-5] [INFO] [1787291184.797887693] [lifecycle_manager_planner]: Destroying lifecycle_manager_planner
[ERROR] [static_transform_publisher-3]: process has died [pid 2218288, exit code -2, cmd '/home/robot/pudu_robot_ws/external/arena4_ws/install/tf2_ros/lib/tf2_ros/static_transform_publisher 0 0 0 0 0 0 map odom --ros-args -r __node:=benchmark_map_to_odom --params-file /tmp/launch_params_hi1d8occ'].
[ERROR] [static_transform_publisher-4]: process has died [pid 2218290, exit code -2, cmd '/home/robot/pudu_robot_ws/external/arena4_ws/install/tf2_ros/lib/tf2_ros/static_transform_publisher 0 0 0 0 0 0 odom base_link --ros-args -r __node:=benchmark_odom_to_base_link --params-file /tmp/launch_params_6iopf8ur'].
[map_server-1] [INFO] [1787291184.806473974] [map_server]: Cleaning up
[map_server-1] [INFO] [1787291184.806711394] [map_server]: Destroying bond (map_server) to lifecycle manager.
[map_server-1] [INFO] [1787291184.807231690] [rclcpp]: signal_handler(SIGINT/SIGTERM)
[map_server-1] [INFO] [1787291184.808556943] [map_server]: Destroying
[INFO] [lifecycle_manager-5]: process has finished cleanly [pid 2218292]
[INFO] [map_server-1]: process has finished cleanly [pid 2218284]
[planner_server-2] [INFO] [1787291185.711945331] [planner_server]: Deactivating plugin GridBased of type SmacPlannerHybrid
[planner_server-2] [INFO] [1787291185.712010509] [planner_server]: Destroying bond (planner_server) to lifecycle manager.
[planner_server-2] [INFO] [1787291185.722648443] [planner_server]: Cleaning up
[planner_server-2] [INFO] [1787291185.725904514] [global_costmap.global_costmap]: Cleaning up
[planner_server-2] [INFO] [1787291185.727657413] [planner_server]: Cleaning up plugin GridBased of type SmacPlannerHybrid
[planner_server-2] [INFO] [1787291185.728551113] [planner_server]: Destroying plugin GridBased of type SmacPlannerHybrid
[planner_server-2] [INFO] [1787291185.730499052] [planner_server]: Destroying bond (planner_server) to lifecycle manager.
[planner_server-2] [INFO] [1787291185.730979068] [rclcpp]: signal_handler(SIGINT/SIGTERM)
[planner_server-2] [INFO] [1787291185.731459241] [global_costmap.global_costmap]: Destroying
[planner_server-2] [INFO] [1787291185.733116983] [planner_server]: Destroying
[INFO] [planner_server-2]: process has finished cleanly [pid 2218286]
