[INFO] [launch]: All log files can be found below /home/robot/.ros/log/2026-08-21-13-44-53-156148-robot-2217318
[INFO] [launch]: Default logging verbosity is set to INFO
[INFO] [map_server-1]: process started with pid [2217319]
[INFO] [planner_server-2]: process started with pid [2217321]
[INFO] [static_transform_publisher-3]: process started with pid [2217323]
[INFO] [static_transform_publisher-4]: process started with pid [2217325]
[INFO] [lifecycle_manager-5]: process started with pid [2217327]
[static_transform_publisher-3] [WARN] [1787291093.217905045] []: Old-style arguments are deprecated; see --help for new-style arguments
[static_transform_publisher-4] [WARN] [1787291093.226377041] []: Old-style arguments are deprecated; see --help for new-style arguments
[static_transform_publisher-3] [INFO] [1787291093.231976289] [benchmark_map_to_odom]: Spinning until stopped - publishing transform
[static_transform_publisher-3] translation: ('0.000000', '0.000000', '0.000000')
[static_transform_publisher-3] rotation: ('0.000000', '0.000000', '0.000000', '1.000000')
[static_transform_publisher-3] from 'map' to 'odom'
[static_transform_publisher-4] [INFO] [1787291093.242116521] [benchmark_odom_to_base_link]: Spinning until stopped - publishing transform
[static_transform_publisher-4] translation: ('0.000000', '0.000000', '0.000000')
[static_transform_publisher-4] rotation: ('0.000000', '0.000000', '0.000000', '1.000000')
[static_transform_publisher-4] from 'odom' to 'base_link'
[map_server-1] [INFO] [1787291093.242511589] [map_server]: 
[map_server-1] 	map_server lifecycle node launched. 
[map_server-1] 	Waiting on external lifecycle transitions to activate
[map_server-1] 	See https://design.ros2.org/articles/node_lifecycle.html for more information.
[map_server-1] [INFO] [1787291093.242624023] [map_server]: Creating
[lifecycle_manager-5] [INFO] [1787291093.252450652] [lifecycle_manager_planner]: Creating
[planner_server-2] [INFO] [1787291093.254488544] [planner_server]: 
[planner_server-2] 	planner_server lifecycle node launched. 
[planner_server-2] 	Waiting on external lifecycle transitions to activate
[planner_server-2] 	See https://design.ros2.org/articles/node_lifecycle.html for more information.
[lifecycle_manager-5] [INFO] [1787291093.256279625] [lifecycle_manager_planner]: [34m[1mCreating and initializing lifecycle service clients[0m[0m
[lifecycle_manager-5] [INFO] [1787291093.258673211] [lifecycle_manager_planner]: [34m[1mStarting managed nodes bringup...[0m[0m
[lifecycle_manager-5] [INFO] [1787291093.258709833] [lifecycle_manager_planner]: [34m[1mConfiguring map_server[0m[0m
[map_server-1] [INFO] [1787291093.259346174] [map_server]: Configuring
[map_server-1] [INFO] [1787291093.259441025] [map_io]: Loading yaml file: /home/robot/pudu_robot_ws/experiments/maps/hospital_005/map.yaml
[map_server-1] [INFO] [1787291093.259695884] [map_io]: resolution: 0.05
[map_server-1] [INFO] [1787291093.259708757] [map_io]: origin[0]: -40
[map_server-1] [INFO] [1787291093.259716574] [map_io]: origin[1]: -40
[map_server-1] [INFO] [1787291093.259723453] [map_io]: origin[2]: 0
[map_server-1] [INFO] [1787291093.259730594] [map_io]: free_thresh: 0.196
[map_server-1] [INFO] [1787291093.259737693] [map_io]: occupied_thresh: 0.65
[map_server-1] [INFO] [1787291093.259745075] [map_io]: mode: trinary
[map_server-1] [INFO] [1787291093.259752802] [map_io]: negate: 0
[map_server-1] [INFO] [1787291093.259921043] [map_io]: Loading image_file: /home/robot/pudu_robot_ws/experiments/maps/hospital_005/map.pgm
[planner_server-2] [INFO] [1787291093.266548557] [planner_server]: Creating
[planner_server-2] [INFO] [1787291093.270405952] [global_costmap.global_costmap]: 
[planner_server-2] 	global_costmap lifecycle node launched. 
[planner_server-2] 	Waiting on external lifecycle transitions to activate
[planner_server-2] 	See https://design.ros2.org/articles/node_lifecycle.html for more information.
[planner_server-2] [INFO] [1787291093.272469136] [global_costmap.global_costmap]: Creating Costmap
[map_server-1] [INFO] [1787291093.383470556] [map_io]: Read map /home/robot/pudu_robot_ws/experiments/maps/hospital_005/map.pgm: 1600 X 1600 map @ 0.05 m/cell
[lifecycle_manager-5] [INFO] [1787291093.389503606] [lifecycle_manager_planner]: [34m[1mConfiguring planner_server[0m[0m
[planner_server-2] [INFO] [1787291093.389913034] [planner_server]: Configuring
[planner_server-2] [INFO] [1787291093.389951477] [global_costmap.global_costmap]: Configuring
[planner_server-2] [INFO] [1787291093.395821953] [global_costmap.global_costmap]: Using plugin "static_layer"
[planner_server-2] [INFO] [1787291093.399610628] [global_costmap.global_costmap]: Subscribing to the map topic (/map) with transient local durability
[planner_server-2] [INFO] [1787291093.400460882] [global_costmap.global_costmap]: Initialized plugin "static_layer"
[planner_server-2] [INFO] [1787291093.400478440] [global_costmap.global_costmap]: Using plugin "inflation_layer"
[planner_server-2] [INFO] [1787291093.400849182] [global_costmap.global_costmap]: Initialized plugin "inflation_layer"
[planner_server-2] [INFO] [1787291093.408093649] [planner_server]: Created global planner plugin GridBased of type nav2_smac_planner/SmacPlannerHybrid
[planner_server-2] [INFO] [1787291093.408132130] [planner_server]: Configuring GridBased of type SmacPlannerHybrid
[planner_server-2] [INFO] [1787291093.408604560] [planner_server]: Even sized heuristic lookup table size set 400.000000, increasing size by 1 to make odd
[planner_server-2] [INFO] [1787291094.395658363] [planner_server]: Configured plugin GridBased of type SmacPlannerHybrid with maximum iterations 1000000, max on approach iterations 1000, and allowing unknown traversal. Tolerance 0.25.Using motion model: Dubin.
[planner_server-2] [INFO] [1787291094.395702580] [planner_server]: Planner Server has GridBased  planners available.
[lifecycle_manager-5] [INFO] [1787291094.398999453] [lifecycle_manager_planner]: [34m[1mActivating map_server[0m[0m
[map_server-1] [INFO] [1787291094.399234372] [map_server]: Activating
[map_server-1] [INFO] [1787291094.401777897] [map_server]: Creating bond (map_server) to lifecycle manager.
[lifecycle_manager-5] [INFO] [1787291094.405107073] [lifecycle_manager_planner]: [34m[1mActivating planner_server[0m[0m
[planner_server-2] [INFO] [1787291094.405353798] [planner_server]: Activating
[planner_server-2] [INFO] [1787291094.405386757] [global_costmap.global_costmap]: Activating
[planner_server-2] [INFO] [1787291094.405394302] [global_costmap.global_costmap]: Checking transform
[planner_server-2] [INFO] [1787291094.405531951] [global_costmap.global_costmap]: start
[planner_server-2] [INFO] [1787291094.414330283] [global_costmap.global_costmap]: StaticLayer: Resizing costmap to 1600 X 1600 at 0.050000 m/pix
[planner_server-2] [INFO] [1787291094.455733281] [planner_server]: Activating plugin GridBased of type SmacPlannerHybrid
[planner_server-2] [INFO] [1787291094.456293897] [planner_server]: Creating bond (planner_server) to lifecycle manager.
[lifecycle_manager-5] [INFO] [1787291094.458693986] [lifecycle_manager_planner]: [34m[1mManaged nodes are active[0m[0m
[WARNING] [launch]: user interrupted with ctrl-c (SIGINT)
[static_transform_publisher-3] [INFO] [1787291096.524303799] [rclcpp]: signal_handler(SIGINT/SIGTERM)
[lifecycle_manager-5] [INFO] [1787291096.524344089] [rclcpp]: signal_handler(SIGINT/SIGTERM)
[lifecycle_manager-5] [INFO] [1787291096.524507969] [lifecycle_manager_planner]: Running Nav2 LifecycleManager rcl preshutdown (lifecycle_manager_planner)
[INFO] [lifecycle_manager-5]: sending signal 'SIGINT' to process[lifecycle_manager-5]
[INFO] [static_transform_publisher-4]: sending signal 'SIGINT' to process[static_transform_publisher-4]
[INFO] [static_transform_publisher-3]: sending signal 'SIGINT' to process[static_transform_publisher-3]
[INFO] [planner_server-2]: sending signal 'SIGINT' to process[planner_server-2]
[INFO] [map_server-1]: sending signal 'SIGINT' to process[map_server-1]
[planner_server-2] [INFO] [1787291096.524395998] [rclcpp]: signal_handler(SIGINT/SIGTERM)
[planner_server-2] [INFO] [1787291096.524514150] [planner_server]: Running Nav2 LifecycleNode rcl preshutdown (planner_server)
[planner_server-2] [INFO] [1787291096.524617624] [planner_server]: Deactivating
[planner_server-2] [INFO] [1787291096.524666531] [global_costmap.global_costmap]: Deactivating
[map_server-1] [INFO] [1787291096.524413483] [rclcpp]: signal_handler(SIGINT/SIGTERM)
[map_server-1] [INFO] [1787291096.524527340] [map_server]: Running Nav2 LifecycleNode rcl preshutdown (map_server)
[map_server-1] [INFO] [1787291096.524617212] [map_server]: Deactivating
[map_server-1] [INFO] [1787291096.524640560] [map_server]: Destroying bond (map_server) to lifecycle manager.
[static_transform_publisher-4] [INFO] [1787291096.524415011] [rclcpp]: signal_handler(SIGINT/SIGTERM)
[lifecycle_manager-5] [INFO] [1787291096.526627727] [lifecycle_manager_planner]: Destroying lifecycle_manager_planner
[ERROR] [static_transform_publisher-4]: process has died [pid 2217325, exit code -2, cmd '/home/robot/pudu_robot_ws/external/arena4_ws/install/tf2_ros/lib/tf2_ros/static_transform_publisher 0 0 0 0 0 0 odom base_link --ros-args -r __node:=benchmark_odom_to_base_link --params-file /tmp/launch_params__l_43696'].
[ERROR] [static_transform_publisher-3]: process has died [pid 2217323, exit code -2, cmd '/home/robot/pudu_robot_ws/external/arena4_ws/install/tf2_ros/lib/tf2_ros/static_transform_publisher 0 0 0 0 0 0 map odom --ros-args -r __node:=benchmark_map_to_odom --params-file /tmp/launch_params_2daneb1c'].
[ERROR] [lifecycle_manager-5]: process has died [pid 2217327, exit code -2, cmd '/home/robot/pudu_robot_ws/external/arena4_ws/install/nav2_lifecycle_manager/lib/nav2_lifecycle_manager/lifecycle_manager --ros-args -r __node:=lifecycle_manager_planner --params-file /home/robot/pudu_robot_ws/experiments/planner_benchmark/hospital_005/stage5_smac_product/logs/stack_params_smac_hybrid_product.yaml --params-file /tmp/launch_params_t0oir3nw'].
[map_server-1] [INFO] [1787291096.535280792] [map_server]: Cleaning up
[map_server-1] [INFO] [1787291096.535548845] [map_server]: Destroying bond (map_server) to lifecycle manager.
[map_server-1] [INFO] [1787291096.536392268] [rclcpp]: signal_handler(SIGINT/SIGTERM)
[map_server-1] [INFO] [1787291096.537371400] [map_server]: Destroying
[INFO] [map_server-1]: process has finished cleanly [pid 2217319]
[planner_server-2] [INFO] [1787291097.405875558] [planner_server]: Deactivating plugin GridBased of type SmacPlannerHybrid
[planner_server-2] [INFO] [1787291097.405939625] [planner_server]: Destroying bond (planner_server) to lifecycle manager.
[planner_server-2] [INFO] [1787291097.416659701] [planner_server]: Cleaning up
[planner_server-2] [INFO] [1787291097.420170858] [global_costmap.global_costmap]: Cleaning up
[planner_server-2] [INFO] [1787291097.422981542] [planner_server]: Cleaning up plugin GridBased of type SmacPlannerHybrid
[planner_server-2] [INFO] [1787291097.423268788] [planner_server]: Destroying plugin GridBased of type SmacPlannerHybrid
[planner_server-2] [INFO] [1787291097.424981114] [planner_server]: Destroying bond (planner_server) to lifecycle manager.
[planner_server-2] [INFO] [1787291097.425878137] [rclcpp]: signal_handler(SIGINT/SIGTERM)
[planner_server-2] [INFO] [1787291097.426171331] [global_costmap.global_costmap]: Destroying
[planner_server-2] [INFO] [1787291097.427977257] [planner_server]: Destroying
[INFO] [planner_server-2]: process has finished cleanly [pid 2217321]
