[INFO] [launch]: All log files can be found below /home/robot/.ros/log/2026-08-21-13-44-47-233890-robot-2217216
[INFO] [launch]: Default logging verbosity is set to INFO
[INFO] [map_server-1]: process started with pid [2217219]
[INFO] [planner_server-2]: process started with pid [2217221]
[INFO] [static_transform_publisher-3]: process started with pid [2217223]
[INFO] [static_transform_publisher-4]: process started with pid [2217225]
[INFO] [lifecycle_manager-5]: process started with pid [2217227]
[static_transform_publisher-4] [WARN] [1787291087.305549116] []: Old-style arguments are deprecated; see --help for new-style arguments
[static_transform_publisher-3] [WARN] [1787291087.305743957] []: Old-style arguments are deprecated; see --help for new-style arguments
[static_transform_publisher-4] [INFO] [1787291087.319985000] [benchmark_odom_to_base_link]: Spinning until stopped - publishing transform
[static_transform_publisher-4] translation: ('0.000000', '0.000000', '0.000000')
[static_transform_publisher-4] rotation: ('0.000000', '0.000000', '0.000000', '1.000000')
[static_transform_publisher-4] from 'odom' to 'base_link'
[lifecycle_manager-5] [INFO] [1787291087.322294050] [lifecycle_manager_planner]: Creating
[lifecycle_manager-5] [INFO] [1787291087.325705266] [lifecycle_manager_planner]: [34m[1mCreating and initializing lifecycle service clients[0m[0m
[static_transform_publisher-3] [INFO] [1787291087.330959245] [benchmark_map_to_odom]: Spinning until stopped - publishing transform
[static_transform_publisher-3] translation: ('0.000000', '0.000000', '0.000000')
[static_transform_publisher-3] rotation: ('0.000000', '0.000000', '0.000000', '1.000000')
[static_transform_publisher-3] from 'map' to 'odom'
[planner_server-2] [INFO] [1787291087.331067448] [planner_server]: 
[planner_server-2] 	planner_server lifecycle node launched. 
[planner_server-2] 	Waiting on external lifecycle transitions to activate
[planner_server-2] 	See https://design.ros2.org/articles/node_lifecycle.html for more information.
[lifecycle_manager-5] [INFO] [1787291087.331693789] [lifecycle_manager_planner]: [34m[1mStarting managed nodes bringup...[0m[0m
[lifecycle_manager-5] [INFO] [1787291087.331732946] [lifecycle_manager_planner]: [34m[1mConfiguring map_server[0m[0m
[map_server-1] [INFO] [1787291087.331715838] [map_server]: 
[map_server-1] 	map_server lifecycle node launched. 
[map_server-1] 	Waiting on external lifecycle transitions to activate
[map_server-1] 	See https://design.ros2.org/articles/node_lifecycle.html for more information.
[map_server-1] [INFO] [1787291087.331822578] [map_server]: Creating
[map_server-1] [INFO] [1787291087.332617281] [map_server]: Configuring
[map_server-1] [INFO] [1787291087.332664829] [map_io]: Loading yaml file: /home/robot/pudu_robot_ws/experiments/maps/hospital_005/map.yaml
[map_server-1] [INFO] [1787291087.332824008] [map_io]: resolution: 0.05
[map_server-1] [INFO] [1787291087.332828681] [map_io]: origin[0]: -40
[map_server-1] [INFO] [1787291087.332831672] [map_io]: origin[1]: -40
[map_server-1] [INFO] [1787291087.332834328] [map_io]: origin[2]: 0
[map_server-1] [INFO] [1787291087.332837084] [map_io]: free_thresh: 0.196
[map_server-1] [INFO] [1787291087.332840197] [map_io]: occupied_thresh: 0.65
[map_server-1] [INFO] [1787291087.332843156] [map_io]: mode: trinary
[map_server-1] [INFO] [1787291087.332846273] [map_io]: negate: 0
[map_server-1] [INFO] [1787291087.332974209] [map_io]: Loading image_file: /home/robot/pudu_robot_ws/experiments/maps/hospital_005/map.pgm
[planner_server-2] [INFO] [1787291087.339450656] [planner_server]: Creating
[planner_server-2] [INFO] [1787291087.343634244] [global_costmap.global_costmap]: 
[planner_server-2] 	global_costmap lifecycle node launched. 
[planner_server-2] 	Waiting on external lifecycle transitions to activate
[planner_server-2] 	See https://design.ros2.org/articles/node_lifecycle.html for more information.
[planner_server-2] [INFO] [1787291087.345797728] [global_costmap.global_costmap]: Creating Costmap
[map_server-1] [INFO] [1787291087.460345146] [map_io]: Read map /home/robot/pudu_robot_ws/experiments/maps/hospital_005/map.pgm: 1600 X 1600 map @ 0.05 m/cell
[lifecycle_manager-5] [INFO] [1787291087.466713980] [lifecycle_manager_planner]: [34m[1mConfiguring planner_server[0m[0m
[planner_server-2] [INFO] [1787291087.467231570] [planner_server]: Configuring
[planner_server-2] [INFO] [1787291087.467269484] [global_costmap.global_costmap]: Configuring
[planner_server-2] [INFO] [1787291087.473525035] [global_costmap.global_costmap]: Using plugin "static_layer"
[planner_server-2] [INFO] [1787291087.477303402] [global_costmap.global_costmap]: Subscribing to the map topic (/map) with transient local durability
[planner_server-2] [INFO] [1787291087.478154358] [global_costmap.global_costmap]: Initialized plugin "static_layer"
[planner_server-2] [INFO] [1787291087.478172515] [global_costmap.global_costmap]: Using plugin "inflation_layer"
[planner_server-2] [INFO] [1787291087.478579368] [global_costmap.global_costmap]: Initialized plugin "inflation_layer"
[planner_server-2] [INFO] [1787291087.486282099] [planner_server]: Created global planner plugin GridBased of type nav2_smac_planner/SmacPlannerHybrid
[planner_server-2] [INFO] [1787291087.486323984] [planner_server]: Configuring GridBased of type SmacPlannerHybrid
[planner_server-2] [INFO] [1787291087.486826373] [planner_server]: Even sized heuristic lookup table size set 400.000000, increasing size by 1 to make odd
[planner_server-2] [INFO] [1787291088.499539020] [planner_server]: Configured plugin GridBased of type SmacPlannerHybrid with maximum iterations 1000000, max on approach iterations 1000, and allowing unknown traversal. Tolerance 0.25.Using motion model: Dubin.
[planner_server-2] [INFO] [1787291088.499583324] [planner_server]: Planner Server has GridBased  planners available.
[lifecycle_manager-5] [INFO] [1787291088.504517287] [lifecycle_manager_planner]: [34m[1mActivating map_server[0m[0m
[map_server-1] [INFO] [1787291088.504749757] [map_server]: Activating
[map_server-1] [INFO] [1787291088.506187109] [map_server]: Creating bond (map_server) to lifecycle manager.
[lifecycle_manager-5] [INFO] [1787291088.508612733] [lifecycle_manager_planner]: [34m[1mActivating planner_server[0m[0m
[planner_server-2] [INFO] [1787291088.508805684] [planner_server]: Activating
[planner_server-2] [INFO] [1787291088.508869069] [global_costmap.global_costmap]: Activating
[planner_server-2] [INFO] [1787291088.508887539] [global_costmap.global_costmap]: Checking transform
[planner_server-2] [INFO] [1787291088.509123595] [global_costmap.global_costmap]: start
[planner_server-2] [INFO] [1787291088.519135868] [global_costmap.global_costmap]: StaticLayer: Resizing costmap to 1600 X 1600 at 0.050000 m/pix
[planner_server-2] [INFO] [1787291088.559358743] [planner_server]: Activating plugin GridBased of type SmacPlannerHybrid
[planner_server-2] [INFO] [1787291088.560134524] [planner_server]: Creating bond (planner_server) to lifecycle manager.
[lifecycle_manager-5] [INFO] [1787291088.563288612] [lifecycle_manager_planner]: [34m[1mManaged nodes are active[0m[0m
[planner_server-2] [WARN] [1787291089.694432247] [planner_server]: Planner loop missed its desired rate of 20.0000 Hz. Current loop rate is 10.6020 Hz
[planner_server-2] [WARN] [1787291089.868248294] [planner_server]: Planner loop missed its desired rate of 20.0000 Hz. Current loop rate is 10.8608 Hz
[planner_server-2] [WARN] [1787291090.048195049] [planner_server]: Planner loop missed its desired rate of 20.0000 Hz. Current loop rate is 10.1313 Hz
[planner_server-2] [WARN] [1787291090.229037453] [planner_server]: Planner loop missed its desired rate of 20.0000 Hz. Current loop rate is 10.1527 Hz
[planner_server-2] [WARN] [1787291090.735101038] [planner_server]: Planner loop missed its desired rate of 20.0000 Hz. Current loop rate is 10.8504 Hz
[planner_server-2] [WARN] [1787291090.909085787] [planner_server]: Planner loop missed its desired rate of 20.0000 Hz. Current loop rate is 10.6771 Hz
[planner_server-2] [WARN] [1787291091.077720838] [planner_server]: Planner loop missed its desired rate of 20.0000 Hz. Current loop rate is 11.1503 Hz
[planner_server-2] [WARN] [1787291091.259306361] [planner_server]: Planner loop missed its desired rate of 20.0000 Hz. Current loop rate is 10.7213 Hz
[planner_server-2] [WARN] [1787291091.441660214] [planner_server]: Planner loop missed its desired rate of 20.0000 Hz. Current loop rate is 10.8558 Hz
[WARNING] [launch]: user interrupted with ctrl-c (SIGINT)
[planner_server-2] [INFO] [1787291091.514558387] [rclcpp]: signal_handler(SIGINT/SIGTERM)
[INFO] [lifecycle_manager-5]: sending signal 'SIGINT' to process[lifecycle_manager-5]
[INFO] [static_transform_publisher-4]: sending signal 'SIGINT' to process[static_transform_publisher-4]
[INFO] [static_transform_publisher-3]: sending signal 'SIGINT' to process[static_transform_publisher-3]
[INFO] [planner_server-2]: sending signal 'SIGINT' to process[planner_server-2]
[INFO] [map_server-1]: sending signal 'SIGINT' to process[map_server-1]
[ERROR] [lifecycle_manager-5]: process has died [pid 2217227, exit code -2, cmd '/home/robot/pudu_robot_ws/external/arena4_ws/install/nav2_lifecycle_manager/lib/nav2_lifecycle_manager/lifecycle_manager --ros-args -r __node:=lifecycle_manager_planner --params-file /home/robot/pudu_robot_ws/experiments/planner_benchmark/hospital_005/stage5_smac_product/logs/stack_params_smac_hybrid_product.yaml --params-file /tmp/launch_params_si3eo6qb'].
[static_transform_publisher-3] [INFO] [1787291091.514605044] [rclcpp]: signal_handler(SIGINT/SIGTERM)
[ERROR] [static_transform_publisher-4]: process has died [pid 2217225, exit code -2, cmd '/home/robot/pudu_robot_ws/external/arena4_ws/install/tf2_ros/lib/tf2_ros/static_transform_publisher 0 0 0 0 0 0 odom base_link --ros-args -r __node:=benchmark_odom_to_base_link --params-file /tmp/launch_params_vokobd9x'].
[ERROR] [static_transform_publisher-3]: process has died [pid 2217223, exit code -2, cmd '/home/robot/pudu_robot_ws/external/arena4_ws/install/tf2_ros/lib/tf2_ros/static_transform_publisher 0 0 0 0 0 0 map odom --ros-args -r __node:=benchmark_map_to_odom --params-file /tmp/launch_params_wedjlsto'].
[map_server-1] [INFO] [1787291091.514612247] [rclcpp]: signal_handler(SIGINT/SIGTERM)
[map_server-1] [INFO] [1787291091.514747879] [map_server]: Running Nav2 LifecycleNode rcl preshutdown (map_server)
[map_server-1] [INFO] [1787291091.514816600] [map_server]: Deactivating
[map_server-1] [INFO] [1787291091.514839489] [map_server]: Destroying bond (map_server) to lifecycle manager.
[static_transform_publisher-4] [INFO] [1787291091.514639382] [rclcpp]: signal_handler(SIGINT/SIGTERM)
[lifecycle_manager-5] [INFO] [1787291091.514650245] [rclcpp]: signal_handler(SIGINT/SIGTERM)
[lifecycle_manager-5] [INFO] [1787291091.514788860] [lifecycle_manager_planner]: Running Nav2 LifecycleManager rcl preshutdown (lifecycle_manager_planner)
[planner_server-2] [INFO] [1787291091.514707225] [planner_server]: Running Nav2 LifecycleNode rcl preshutdown (planner_server)
[planner_server-2] [INFO] [1787291091.514786530] [planner_server]: Deactivating
[planner_server-2] [INFO] [1787291091.514834478] [global_costmap.global_costmap]: Deactivating
[lifecycle_manager-5] [INFO] [1787291091.516814412] [lifecycle_manager_planner]: Destroying lifecycle_manager_planner
[map_server-1] [INFO] [1787291091.525465576] [map_server]: Cleaning up
[map_server-1] [INFO] [1787291091.525725281] [map_server]: Destroying bond (map_server) to lifecycle manager.
[map_server-1] [INFO] [1787291091.526441508] [rclcpp]: signal_handler(SIGINT/SIGTERM)
[map_server-1] [INFO] [1787291091.526915892] [map_server]: Destroying
[INFO] [map_server-1]: process has finished cleanly [pid 2217219]
[planner_server-2] [INFO] [1787291092.509318468] [planner_server]: Deactivating plugin GridBased of type SmacPlannerHybrid
[planner_server-2] [INFO] [1787291092.509379914] [planner_server]: Destroying bond (planner_server) to lifecycle manager.
[planner_server-2] [INFO] [1787291092.519922459] [planner_server]: Cleaning up
[planner_server-2] [INFO] [1787291092.522208810] [global_costmap.global_costmap]: Cleaning up
[planner_server-2] [INFO] [1787291092.524190502] [planner_server]: Cleaning up plugin GridBased of type SmacPlannerHybrid
[planner_server-2] [INFO] [1787291092.526788351] [planner_server]: Destroying plugin GridBased of type SmacPlannerHybrid
[planner_server-2] [INFO] [1787291092.529015186] [planner_server]: Destroying bond (planner_server) to lifecycle manager.
[planner_server-2] [INFO] [1787291092.529583967] [rclcpp]: signal_handler(SIGINT/SIGTERM)
[planner_server-2] [INFO] [1787291092.530379089] [global_costmap.global_costmap]: Destroying
[planner_server-2] [INFO] [1787291092.533323181] [planner_server]: Destroying
[INFO] [planner_server-2]: process has finished cleanly [pid 2217221]
