[INFO] [launch]: All log files can be found below /home/robot/.ros/log/2026-08-21-13-44-11-789361-robot-2216577
[INFO] [launch]: Default logging verbosity is set to INFO
[INFO] [map_server-1]: process started with pid [2216578]
[INFO] [planner_server-2]: process started with pid [2216580]
[INFO] [static_transform_publisher-3]: process started with pid [2216582]
[INFO] [static_transform_publisher-4]: process started with pid [2216584]
[INFO] [lifecycle_manager-5]: process started with pid [2216586]
[static_transform_publisher-4] [WARN] [1787291051.859663088] []: Old-style arguments are deprecated; see --help for new-style arguments
[static_transform_publisher-3] [WARN] [1787291051.863103851] []: Old-style arguments are deprecated; see --help for new-style arguments
[static_transform_publisher-4] [INFO] [1787291051.874034893] [benchmark_odom_to_base_link]: Spinning until stopped - publishing transform
[static_transform_publisher-4] translation: ('0.000000', '0.000000', '0.000000')
[static_transform_publisher-4] rotation: ('0.000000', '0.000000', '0.000000', '1.000000')
[static_transform_publisher-4] from 'odom' to 'base_link'
[planner_server-2] [INFO] [1787291051.883070972] [planner_server]: 
[planner_server-2] 	planner_server lifecycle node launched. 
[planner_server-2] 	Waiting on external lifecycle transitions to activate
[planner_server-2] 	See https://design.ros2.org/articles/node_lifecycle.html for more information.
[static_transform_publisher-3] [INFO] [1787291051.888202470] [benchmark_map_to_odom]: Spinning until stopped - publishing transform
[static_transform_publisher-3] translation: ('0.000000', '0.000000', '0.000000')
[static_transform_publisher-3] rotation: ('0.000000', '0.000000', '0.000000', '1.000000')
[static_transform_publisher-3] from 'map' to 'odom'
[lifecycle_manager-5] [INFO] [1787291051.889773380] [lifecycle_manager_planner]: Creating
[lifecycle_manager-5] [INFO] [1787291051.891869351] [lifecycle_manager_planner]: [34m[1mCreating and initializing lifecycle service clients[0m[0m
[planner_server-2] [INFO] [1787291051.892056815] [planner_server]: Creating
[planner_server-2] [INFO] [1787291051.896123509] [global_costmap.global_costmap]: 
[planner_server-2] 	global_costmap lifecycle node launched. 
[planner_server-2] 	Waiting on external lifecycle transitions to activate
[planner_server-2] 	See https://design.ros2.org/articles/node_lifecycle.html for more information.
[planner_server-2] [INFO] [1787291051.898518925] [global_costmap.global_costmap]: Creating Costmap
[lifecycle_manager-5] [INFO] [1787291051.900347900] [lifecycle_manager_planner]: [34m[1mStarting managed nodes bringup...[0m[0m
[lifecycle_manager-5] [INFO] [1787291051.900391495] [lifecycle_manager_planner]: [34m[1mConfiguring map_server[0m[0m
[map_server-1] [INFO] [1787291051.901531762] [map_server]: 
[map_server-1] 	map_server lifecycle node launched. 
[map_server-1] 	Waiting on external lifecycle transitions to activate
[map_server-1] 	See https://design.ros2.org/articles/node_lifecycle.html for more information.
[map_server-1] [INFO] [1787291051.901758298] [map_server]: Creating
[map_server-1] [INFO] [1787291051.903528265] [map_server]: Configuring
[map_server-1] [INFO] [1787291051.903613234] [map_io]: Loading yaml file: /home/robot/pudu_robot_ws/experiments/maps/hospital_005/map.yaml
[map_server-1] [INFO] [1787291051.903883736] [map_io]: resolution: 0.05
[map_server-1] [INFO] [1787291051.903896652] [map_io]: origin[0]: -40
[map_server-1] [INFO] [1787291051.903904638] [map_io]: origin[1]: -40
[map_server-1] [INFO] [1787291051.903911943] [map_io]: origin[2]: 0
[map_server-1] [INFO] [1787291051.903919393] [map_io]: free_thresh: 0.196
[map_server-1] [INFO] [1787291051.903926924] [map_io]: occupied_thresh: 0.65
[map_server-1] [INFO] [1787291051.903934701] [map_io]: mode: trinary
[map_server-1] [INFO] [1787291051.903942772] [map_io]: negate: 0
[map_server-1] [INFO] [1787291051.904128403] [map_io]: Loading image_file: /home/robot/pudu_robot_ws/experiments/maps/hospital_005/map.pgm
[map_server-1] [INFO] [1787291052.035177175] [map_io]: Read map /home/robot/pudu_robot_ws/experiments/maps/hospital_005/map.pgm: 1600 X 1600 map @ 0.05 m/cell
[lifecycle_manager-5] [INFO] [1787291052.041700579] [lifecycle_manager_planner]: [34m[1mConfiguring planner_server[0m[0m
[planner_server-2] [INFO] [1787291052.042159946] [planner_server]: Configuring
[planner_server-2] [INFO] [1787291052.042200321] [global_costmap.global_costmap]: Configuring
[planner_server-2] [INFO] [1787291052.048944552] [global_costmap.global_costmap]: Using plugin "static_layer"
[planner_server-2] [INFO] [1787291052.053015511] [global_costmap.global_costmap]: Subscribing to the map topic (/map) with transient local durability
[planner_server-2] [INFO] [1787291052.054058062] [global_costmap.global_costmap]: Initialized plugin "static_layer"
[planner_server-2] [INFO] [1787291052.054077974] [global_costmap.global_costmap]: Using plugin "inflation_layer"
[planner_server-2] [INFO] [1787291052.054508692] [global_costmap.global_costmap]: Initialized plugin "inflation_layer"
[planner_server-2] [INFO] [1787291052.062238993] [planner_server]: Created global planner plugin GridBased of type nav2_smac_planner/SmacPlannerHybrid
[planner_server-2] [INFO] [1787291052.062271120] [planner_server]: Configuring GridBased of type SmacPlannerHybrid
[planner_server-2] [INFO] [1787291052.062768436] [planner_server]: Even sized heuristic lookup table size set 400.000000, increasing size by 1 to make odd
[planner_server-2] [INFO] [1787291053.070489762] [planner_server]: Configured plugin GridBased of type SmacPlannerHybrid with maximum iterations 1000000, max on approach iterations 1000, and allowing unknown traversal. Tolerance 0.25.Using motion model: Dubin.
[planner_server-2] [INFO] [1787291053.070537625] [planner_server]: Planner Server has GridBased  planners available.
[lifecycle_manager-5] [INFO] [1787291053.073878715] [lifecycle_manager_planner]: [34m[1mActivating map_server[0m[0m
[map_server-1] [INFO] [1787291053.074097784] [map_server]: Activating
[map_server-1] [INFO] [1787291053.075567976] [map_server]: Creating bond (map_server) to lifecycle manager.
[lifecycle_manager-5] [INFO] [1787291053.077734119] [lifecycle_manager_planner]: [34m[1mActivating planner_server[0m[0m
[planner_server-2] [INFO] [1787291053.077935320] [planner_server]: Activating
[planner_server-2] [INFO] [1787291053.077966768] [global_costmap.global_costmap]: Activating
[planner_server-2] [INFO] [1787291053.077974711] [global_costmap.global_costmap]: Checking transform
[planner_server-2] [INFO] [1787291053.078110617] [global_costmap.global_costmap]: start
[planner_server-2] [INFO] [1787291053.088921959] [global_costmap.global_costmap]: StaticLayer: Resizing costmap to 1600 X 1600 at 0.050000 m/pix
[planner_server-2] [INFO] [1787291053.128290478] [planner_server]: Activating plugin GridBased of type SmacPlannerHybrid
[planner_server-2] [INFO] [1787291053.128848683] [planner_server]: Creating bond (planner_server) to lifecycle manager.
[lifecycle_manager-5] [INFO] [1787291053.131385444] [lifecycle_manager_planner]: [34m[1mManaged nodes are active[0m[0m
[planner_server-2] [WARN] [1787291054.948877215] [planner_server]: GridBased: failed to create plan, exceeded maximum iterations.
[planner_server-2] [WARN] [1787291054.948946906] [planner_server]: Planning algorithm GridBased failed to generate a valid path to (-11.15, -5.15)
[planner_server-2] [WARN] [1787291054.948963048] [planner_server]: [compute_path_to_pose] [ActionServer] Aborting handle.
[planner_server-2] [WARN] [1787291055.623365979] [planner_server]: GridBased: failed to create plan, exceeded maximum iterations.
[planner_server-2] [WARN] [1787291055.623440775] [planner_server]: Planning algorithm GridBased failed to generate a valid path to (-11.15, -5.15)
[planner_server-2] [WARN] [1787291055.623455505] [planner_server]: [compute_path_to_pose] [ActionServer] Aborting handle.
[planner_server-2] [WARN] [1787291056.306975096] [planner_server]: GridBased: failed to create plan, exceeded maximum iterations.
[planner_server-2] [WARN] [1787291056.307055779] [planner_server]: Planning algorithm GridBased failed to generate a valid path to (-11.15, -5.15)
[planner_server-2] [WARN] [1787291056.307073247] [planner_server]: [compute_path_to_pose] [ActionServer] Aborting handle.
[planner_server-2] [WARN] [1787291057.028490117] [planner_server]: GridBased: failed to create plan, exceeded maximum iterations.
[planner_server-2] [WARN] [1787291057.028564630] [planner_server]: Planning algorithm GridBased failed to generate a valid path to (-11.15, -5.15)
[planner_server-2] [WARN] [1787291057.028579359] [planner_server]: [compute_path_to_pose] [ActionServer] Aborting handle.
[planner_server-2] [WARN] [1787291057.652694162] [planner_server]: GridBased: failed to create plan, exceeded maximum iterations.
[planner_server-2] [WARN] [1787291057.652761783] [planner_server]: Planning algorithm GridBased failed to generate a valid path to (-11.15, -5.15)
[planner_server-2] [WARN] [1787291057.652775972] [planner_server]: [compute_path_to_pose] [ActionServer] Aborting handle.
[planner_server-2] [WARN] [1787291058.268617020] [planner_server]: GridBased: failed to create plan, exceeded maximum iterations.
[planner_server-2] [WARN] [1787291058.268685432] [planner_server]: Planning algorithm GridBased failed to generate a valid path to (-11.15, -5.15)
[planner_server-2] [WARN] [1787291058.268700362] [planner_server]: [compute_path_to_pose] [ActionServer] Aborting handle.
[planner_server-2] [WARN] [1787291058.955196284] [planner_server]: GridBased: failed to create plan, exceeded maximum iterations.
[planner_server-2] [WARN] [1787291058.955261967] [planner_server]: Planning algorithm GridBased failed to generate a valid path to (-11.15, -5.15)
[planner_server-2] [WARN] [1787291058.955278697] [planner_server]: [compute_path_to_pose] [ActionServer] Aborting handle.
[planner_server-2] [WARN] [1787291059.591267153] [planner_server]: GridBased: failed to create plan, exceeded maximum iterations.
[planner_server-2] [WARN] [1787291059.591325455] [planner_server]: Planning algorithm GridBased failed to generate a valid path to (-11.15, -5.15)
[planner_server-2] [WARN] [1787291059.591339326] [planner_server]: [compute_path_to_pose] [ActionServer] Aborting handle.
[planner_server-2] [WARN] [1787291060.188311295] [planner_server]: GridBased: failed to create plan, exceeded maximum iterations.
[planner_server-2] [WARN] [1787291060.188374800] [planner_server]: Planning algorithm GridBased failed to generate a valid path to (-11.15, -5.15)
[planner_server-2] [WARN] [1787291060.188390128] [planner_server]: [compute_path_to_pose] [ActionServer] Aborting handle.
[WARNING] [launch]: user interrupted with ctrl-c (SIGINT)
[INFO] [lifecycle_manager-5]: sending signal 'SIGINT' to process[lifecycle_manager-5]
[INFO] [static_transform_publisher-4]: sending signal 'SIGINT' to process[static_transform_publisher-4]
[INFO] [static_transform_publisher-3]: sending signal 'SIGINT' to process[static_transform_publisher-3]
[INFO] [planner_server-2]: sending signal 'SIGINT' to process[planner_server-2]
[INFO] [map_server-1]: sending signal 'SIGINT' to process[map_server-1]
[static_transform_publisher-3] [INFO] [1787291060.195823373] [rclcpp]: signal_handler(SIGINT/SIGTERM)
[planner_server-2] [INFO] [1787291060.195866471] [rclcpp]: signal_handler(SIGINT/SIGTERM)
[planner_server-2] [INFO] [1787291060.195991498] [planner_server]: Running Nav2 LifecycleNode rcl preshutdown (planner_server)
[planner_server-2] [INFO] [1787291060.196086655] [planner_server]: Deactivating
[planner_server-2] [INFO] [1787291060.196136504] [global_costmap.global_costmap]: Deactivating
[lifecycle_manager-5] [INFO] [1787291060.195866887] [rclcpp]: signal_handler(SIGINT/SIGTERM)
[lifecycle_manager-5] [INFO] [1787291060.196021068] [lifecycle_manager_planner]: Running Nav2 LifecycleManager rcl preshutdown (lifecycle_manager_planner)
[map_server-1] [INFO] [1787291060.195900650] [rclcpp]: signal_handler(SIGINT/SIGTERM)
[map_server-1] [INFO] [1787291060.196025798] [map_server]: Running Nav2 LifecycleNode rcl preshutdown (map_server)
[map_server-1] [INFO] [1787291060.196107324] [map_server]: Deactivating
[map_server-1] [INFO] [1787291060.196130247] [map_server]: Destroying bond (map_server) to lifecycle manager.
[static_transform_publisher-4] [INFO] [1787291060.195902389] [rclcpp]: signal_handler(SIGINT/SIGTERM)
[lifecycle_manager-5] [INFO] [1787291060.197920930] [lifecycle_manager_planner]: Destroying lifecycle_manager_planner
[ERROR] [static_transform_publisher-3]: process has died [pid 2216582, exit code -2, cmd '/home/robot/pudu_robot_ws/external/arena4_ws/install/tf2_ros/lib/tf2_ros/static_transform_publisher 0 0 0 0 0 0 map odom --ros-args -r __node:=benchmark_map_to_odom --params-file /tmp/launch_params_it961og5'].
[ERROR] [static_transform_publisher-4]: process has died [pid 2216584, exit code -2, cmd '/home/robot/pudu_robot_ws/external/arena4_ws/install/tf2_ros/lib/tf2_ros/static_transform_publisher 0 0 0 0 0 0 odom base_link --ros-args -r __node:=benchmark_odom_to_base_link --params-file /tmp/launch_params_kkgan1dc'].
[map_server-1] [INFO] [1787291060.206817433] [map_server]: Cleaning up
[map_server-1] [INFO] [1787291060.207028329] [map_server]: Destroying bond (map_server) to lifecycle manager.
[map_server-1] [INFO] [1787291060.207776921] [rclcpp]: signal_handler(SIGINT/SIGTERM)
[map_server-1] [INFO] [1787291060.208286576] [map_server]: Destroying
[INFO] [lifecycle_manager-5]: process has finished cleanly [pid 2216586]
[INFO] [map_server-1]: process has finished cleanly [pid 2216578]
[planner_server-2] [INFO] [1787291061.078348097] [planner_server]: Deactivating plugin GridBased of type SmacPlannerHybrid
[planner_server-2] [INFO] [1787291061.078412706] [planner_server]: Destroying bond (planner_server) to lifecycle manager.
[planner_server-2] [INFO] [1787291061.089029417] [planner_server]: Cleaning up
[planner_server-2] [INFO] [1787291061.092199293] [global_costmap.global_costmap]: Cleaning up
[planner_server-2] [INFO] [1787291061.093679616] [planner_server]: Cleaning up plugin GridBased of type SmacPlannerHybrid
[planner_server-2] [INFO] [1787291061.102098687] [planner_server]: Destroying plugin GridBased of type SmacPlannerHybrid
[planner_server-2] [INFO] [1787291061.104252636] [planner_server]: Destroying bond (planner_server) to lifecycle manager.
[planner_server-2] [INFO] [1787291061.104800669] [rclcpp]: signal_handler(SIGINT/SIGTERM)
[planner_server-2] [INFO] [1787291061.107496139] [global_costmap.global_costmap]: Destroying
[planner_server-2] [INFO] [1787291061.109217019] [planner_server]: Destroying
[INFO] [planner_server-2]: process has finished cleanly [pid 2216580]
